Component: ARM Compiler 6.16 Tool: armlink [5dfeaa00]

==============================================================================

Section Cross References

    startup_stm32f103xb.o(STACK) refers (Special) to heapauxi.o(.text) for __use_two_region_memory
    startup_stm32f103xb.o(HEAP) refers (Special) to heapauxi.o(.text) for __use_two_region_memory
    startup_stm32f103xb.o(RESET) refers (Special) to heapauxi.o(.text) for __use_two_region_memory
    startup_stm32f103xb.o(RESET) refers to startup_stm32f103xb.o(STACK) for __initial_sp
    startup_stm32f103xb.o(RESET) refers to startup_stm32f103xb.o(.text) for Reset_Handler
    startup_stm32f103xb.o(RESET) refers to lto-llvm-28c2f3.o(.text.NMI_Handler) for NMI_Handler
    startup_stm32f103xb.o(RESET) refers to lto-llvm-28c2f3.o(.text.HardFault_Handler) for HardFault_Handler
    startup_stm32f103xb.o(RESET) refers to lto-llvm-28c2f3.o(.text.MemManage_Handler) for MemManage_Handler
    startup_stm32f103xb.o(RESET) refers to lto-llvm-28c2f3.o(.text.BusFault_Handler) for BusFault_Handler
    startup_stm32f103xb.o(RESET) refers to lto-llvm-28c2f3.o(.text.UsageFault_Handler) for UsageFault_Handler
    startup_stm32f103xb.o(RESET) refers to lto-llvm-28c2f3.o(.text.SVC_Handler) for SVC_Handler
    startup_stm32f103xb.o(RESET) refers to lto-llvm-28c2f3.o(.text.DebugMon_Handler) for DebugMon_Handler
    startup_stm32f103xb.o(RESET) refers to lto-llvm-28c2f3.o(.text.PendSV_Handler) for PendSV_Handler
    startup_stm32f103xb.o(RESET) refers to lto-llvm-28c2f3.o(.text.SysTick_Handler) for SysTick_Handler
    startup_stm32f103xb.o(.text) refers (Special) to heapauxi.o(.text) for __use_two_region_memory
    startup_stm32f103xb.o(.text) refers to lto-llvm-28c2f3.o(.text.SystemInit) for SystemInit
    startup_stm32f103xb.o(.text) refers to __main.o(!!!main) for __main
    startup_stm32f103xb.o(.text) refers to startup_stm32f103xb.o(HEAP) for Heap_Mem
    startup_stm32f103xb.o(.text) refers to startup_stm32f103xb.o(STACK) for Stack_Mem
    malloc.o(.text) refers (Special) to hguard.o(.text) for __heap$guard
    malloc.o(.text) refers (Special) to init_alloc.o(.text) for _init_alloc
    malloc.o(.text) refers to rt_heap_descriptor_intlibspace.o(.text) for __rt_heap_descriptor
    malloc.o(.text) refers to heapstubs.o(.text) for __Heap_Alloc
    free.o(.text) refers (Special) to hguard.o(.text) for __heap$guard
    free.o(.text) refers to rt_heap_descriptor_intlibspace.o(.text) for __rt_heap_descriptor
    free.o(.text) refers to heapstubs.o(.text) for __Heap_Free
    calloc.o(.text) refers to h1_alloc.o(.text) for malloc
    calloc.o(.text) refers to rt_memclr.o(.text) for __aeabi_memclr
    h1_alloc.o(.text) refers (Special) to h1_init.o(.text) for __Heap_Initialize
    h1_alloc.o(.text) refers to rt_heap_descriptor_intlibspace.o(.text) for __rt_heap_descriptor
    h1_alloc.o(.text) refers to init_alloc.o(.text) for __Heap_Full
    h1_free.o(.text) refers to rt_heap_descriptor_intlibspace.o(.text) for __rt_heap_descriptor
    h1_alloc_threads.o(.text) refers (Special) to h1_init.o(.text) for __Heap_Initialize
    h1_alloc_threads.o(.text) refers to init_alloc.o(.text) for __Heap_Full
    h1_alloc_threads.o(.text) refers to rt_heap_descriptor_intlibspace.o(.text) for __rt_heap_descriptor
    h1_free_threads.o(.text) refers to rt_heap_descriptor_intlibspace.o(.text) for __rt_heap_descriptor
    heap2.o(i._FDIterate) refers to heap2.o(.conststring) for .conststring
    heap2.o(i.__Heap_ProvideMemory$realtime) refers to fdtree.o(i._FDTree_Delete) for _FDTree_Delete
    heap2.o(i.__Heap_ProvideMemory$realtime) refers to fdtree.o(i._FDTree_Insert) for _FDTree_Insert
    heap2.o(i.__Heap_Stats$realtime) refers to heap2.o(i._Heap2_StatsIterate) for _Heap2_StatsIterate
    heap2.o(i.__Heap_Valid$realtime) refers to heap2.o(i._FDIterate) for _FDIterate
    heap2.o(i.__Heap_Valid$realtime) refers to heap2.o(.conststring) for .conststring
    heap2.o(i.free$realtime) refers to rt_heap_descriptor_intlibspace.o(.text) for __rt_heap_descriptor
    heap2.o(i.free$realtime) refers to fdtree.o(i._FDTree_Delete) for _FDTree_Delete
    heap2.o(i.free$realtime) refers to fdtree.o(i._FDTree_Insert) for _FDTree_Insert
    heap2.o(i.malloc$realtime) refers to rt_heap_descriptor_intlibspace.o(.text) for __rt_heap_descriptor
    heap2.o(i.malloc$realtime) refers to fdtree.o(i._FDTree_FindFirst) for _FDTree_FindFirst
    heap2.o(i.malloc$realtime) refers to init_alloc.o(.text) for __Heap_Full
    heap2.o(i.malloc$realtime) refers to fdtree.o(i._FDTree_RemoveNode) for _FDTree_RemoveNode
    heap2.o(i.malloc$realtime) refers to fdtree.o(i._FDTree_Insert) for _FDTree_Insert
    heap2.o(i.posix_memalign$realtime) refers to rt_heap_descriptor_intlibspace.o(.text) for __rt_heap_descriptor
    heap2.o(i.posix_memalign$realtime) refers to fdtree.o(i._FDTree_FindFirst) for _FDTree_FindFirst
    heap2.o(i.posix_memalign$realtime) refers to init_alloc.o(.text) for __Heap_Full
[...]
    .ARM.Collect$$libinit$$0000002C          0x0800020e   Section        0  libinit2.o(.ARM.Collect$$libinit$$0000002C)
    .ARM.Collect$$libinit$$0000002E          0x0800020e   Section        0  libinit2.o(.ARM.Collect$$libinit$$0000002E)
    .ARM.Collect$$libinit$$00000030          0x0800020e   Section        0  libinit2.o(.ARM.Collect$$libinit$$00000030)
    .ARM.Collect$$libinit$$00000031          0x0800020e   Section        4  libinit2.o(.ARM.Collect$$libinit$$00000031)
    .ARM.Collect$$libinit$$00000032          0x08000212   Section        0  libinit2.o(.ARM.Collect$$libinit$$00000032)
    .ARM.Collect$$libinit$$00000033          0x08000212   Section        2  libinit2.o(.ARM.Collect$$libinit$$00000033)
    .ARM.Collect$$libshutdown$$00000000      0x08000214   Section        2  libshutdown.o(.ARM.Collect$$libshutdown$$00000000)
    .ARM.Collect$$libshutdown$$00000002      0x08000216   Section        0  libshutdown2.o(.ARM.Collect$$libshutdown$$00000002)
    .ARM.Collect$$libshutdown$$00000004      0x08000216   Section        0  libshutdown2.o(.ARM.Collect$$libshutdown$$00000004)
    .ARM.Collect$$libshutdown$$00000007      0x08000216   Section        0  libshutdown2.o(.ARM.Collect$$libshutdown$$00000007)
    .ARM.Collect$$libshutdown$$0000000A      0x08000216   Section        0  libshutdown2.o(.ARM.Collect$$libshutdown$$0000000A)
    .ARM.Collect$$libshutdown$$0000000C      0x08000216   Section        0  libshutdown2.o(.ARM.Collect$$libshutdown$$0000000C)
    .ARM.Collect$$libshutdown$$0000000F      0x08000216   Section        0  libshutdown2.o(.ARM.Collect$$libshutdown$$0000000F)
    .ARM.Collect$$libshutdown$$00000010      0x08000216   Section        2  libshutdown2.o(.ARM.Collect$$libshutdown$$00000010)
    .ARM.Collect$$rtentry$$00000000          0x08000218   Section        0  __rtentry.o(.ARM.Collect$$rtentry$$00000000)
    .ARM.Collect$$rtentry$$00000002          0x08000218   Section        0  __rtentry2.o(.ARM.Collect$$rtentry$$00000002)
    .ARM.Collect$$rtentry$$00000004          0x08000218   Section        6  __rtentry4.o(.ARM.Collect$$rtentry$$00000004)
    .ARM.Collect$$rtentry$$00000009          0x0800021e   Section        0  __rtentry2.o(.ARM.Collect$$rtentry$$00000009)
    .ARM.Collect$$rtentry$$0000000A          0x0800021e   Section        4  __rtentry2.o(.ARM.Collect$$rtentry$$0000000A)
    .ARM.Collect$$rtentry$$0000000C          0x08000222   Section        0  __rtentry2.o(.ARM.Collect$$rtentry$$0000000C)
    .ARM.Collect$$rtentry$$0000000D          0x08000222   Section        8  __rtentry2.o(.ARM.Collect$$rtentry$$0000000D)
    .ARM.Collect$$rtexit$$00000000           0x0800022a   Section        2  rtexit.o(.ARM.Collect$$rtexit$$00000000)
    .ARM.Collect$$rtexit$$00000002           0x0800022c   Section        0  rtexit2.o(.ARM.Collect$$rtexit$$00000002)
    .ARM.Collect$$rtexit$$00000003           0x0800022c   Section        4  rtexit2.o(.ARM.Collect$$rtexit$$00000003)
    .ARM.Collect$$rtexit$$00000004           0x08000230   Section        6  rtexit2.o(.ARM.Collect$$rtexit$$00000004)
    .text                                    0x08000238   Section       64  startup_stm32f103xb.o(.text)
    .text                                    0x08000278   Section        0  vsnprintf.o(.text)
    .text                                    0x080002ac   Section        0  memcmp.o(.text)
    .text                                    0x08000304   Section        0  strcpy.o(.text)
    .text                                    0x0800034c   Section      128  strcmpv7m.o(.text)
    .text                                    0x080003cc   Section        0  heapauxi.o(.text)
    .text                                    0x080003d2   Section        0  _printf_pad.o(.text)
    .text                                    0x08000420   Section        0  _printf_truncate.o(.text)
    .text                                    0x08000444   Section        0  _printf_str.o(.text)
    .text                                    0x08000498   Section        0  _printf_dec.o(.text)
    .text                                    0x08000510   Section        0  _printf_charcount.o(.text)
    _printf_input_char                       0x08000539   Thumb Code    10  _printf_char_common.o(.text)
    .text                                    0x08000538   Section        0  _printf_char_common.o(.text)
    .text                                    0x08000568   Section        0  _sputc.o(.text)
    .text                                    0x08000572   Section        0  _snputc.o(.text)
    .text                                    0x08000584   Section        0  _printf_wctomb.o(.text)
    .text                                    0x08000640   Section        0  _printf_longlong_dec.o(.text)
    _printf_longlong_oct_internal            0x080006bd   Thumb Code     0  _printf_oct_int_ll.o(.text)
    .text                                    0x080006bc   Section        0  _printf_oct_int_ll.o(.text)
    _printf_hex_common                       0x0800072d   Thumb Code     0  _printf_hex_int_ll_ptr.o(.text)
    .text                                    0x0800072c   Section        0  _printf_hex_int_ll_ptr.o(.text)
    .text                                    0x080007c0   Section        0  __printf_flags_ss_wp.o(.text)
    .text                                    0x08000948   Section      100  rt_memcpy_w.o(.text)
    .text                                    0x080009ac   Section        8  libspace.o(.text)
    .text                                    0x080009b4   Section      138  lludiv10.o(.text)
    .text                                    0x08000a3e   Section        0  _printf_intcommon.o(.text)
    _fp_digits                               0x08000af1   Thumb Code   432  _printf_fp_dec.o(.text)
    .text                                    0x08000af0   Section        0  _printf_fp_dec.o(.text)
    .text                                    0x08000f0c   Section        0  _printf_fp_hex.o(.text)
    .text                                    0x08001208   Section        0  _printf_char.o(.text)
    .text                                    0x08001234   Section        0  _printf_wchar.o(.text)
    .text                                    0x08001260   Section        0  _c16rtomb.o(.text)
    .text                                    0x080012a8   Section       78  rt_memclr_w.o(.text)
    .text                                    0x080012f6   Section        2  use_no_semi.o(.text)
    .text                                    0x080012f8   Section        0  indicate_semi.o(.text)
    .text                                    0x080012f8   Section       74  sys_stackheap_outer.o(.text)
    .text                                    0x08001344   Section       16  rt_ctype_table.o(.text)
    .text                                    0x08001354   Section        8  rt_locale_intlibspace.o(.text)
    .text                                    0x0800135c   Section        0  _printf_fp_infnan.o(.text)
    .text                                    0x080013dc   Section        0  bigflt0.o(.text)
    .text                                    0x080014c0   Section        0  exit.o(.text)
    .text                                    0x080014d4   Section        0  sys_exit.o(.text)
    .text                                    0x080014e0   Section      138  rt_memcpy_v6.o(.text)
    .text                                    0x0800156a   Section       16  aeabi_memset4.o(.text)
    .text                                    0x0800157c   Section        0  init_aeabi.o(.text)
    [Anonymous Symbol]                       0x080015a0   Section        0  lto-llvm-28c2f3.o(.text.BusFault_Handler)
    [Anonymous Symbol]                       0x080015a4   Section        0  lto-llvm-28c2f3.o(.text.DebugMon_Handler)
    HAL_GPIO_Init                            0x080015a9   Thumb Code   578  lto-llvm-28c2f3.o(.text.HAL_GPIO_Init)
    [Anonymous Symbol]                       0x080015a8   Section        0  lto-llvm-28c2f3.o(.text.HAL_GPIO_Init)
    [Anonymous Symbol]                       0x080017ec   Section        0  lto-llvm-28c2f3.o(.text.HardFault_Handler)
    [Anonymous Symbol]                       0x080017f0   Section        0  lto-llvm-28c2f3.o(.text.MemManage_Handler)
    [Anonymous Symbol]                       0x080017f4   Section        0  lto-llvm-28c2f3.o(.text.NMI_Handler)
    [Anonymous Symbol]                       0x080017f8   Section        0  lto-llvm-28c2f3.o(.text.PendSV_Handler)
    [Anonymous Symbol]                       0x080017fc   Section        0  lto-llvm-28c2f3.o(.text.SVC_Handler)
    [Anonymous Symbol]                       0x08001800   Section        0  lto-llvm-28c2f3.o(.text.SysTick_Handler)
    [Anonymous Symbol]                       0x080019cc   Section        0  lto-llvm-28c2f3.o(.text.SystemInit)
    [Anonymous Symbol]                       0x080019d0   Section        0  lto-llvm-28c2f3.o(.text.UsageFault_Handler)
    _GLOBAL__sub_I_device_led.cpp            0x080019d5   Thumb Code   118  lto-llvm-28c2f3.o(.text._GLOBAL__sub_I_device_led.cpp)
    [Anonymous Symbol]                       0x080019d4   Section        0  lto-llvm-28c2f3.o(.text._GLOBAL__sub_I_device_led.cpp)
    __z_printf(unsigned char*, int)          0x08001a4d   Thumb Code     4  lto-llvm-28c2f3.o(.text._Z10__z_printfPhi)
    [Anonymous Symbol]                       0x08001a4c   Section        0  lto-llvm-28c2f3.o(.text._Z10__z_printfPhi)
    read_key_00()                            0x08001a51   Thumb Code    16  lto-llvm-28c2f3.o(.text._Z11read_key_00v)
    [Anonymous Symbol]                       0x08001a50   Section        0  lto-llvm-28c2f3.o(.text._Z11read_key_00v)
    z_var_to_str(void (*)(unsigned char*, int), char const*, ...) 0x08001a61   Thumb Code    52  lto-llvm-28c2f3.o(.text._Z12z_var_to_strPFvPhiEPKcz)
    [Anonymous Symbol]                       0x08001a60   Section        0  lto-llvm-28c2f3.o(.text._Z12z_var_to_strPFvPhiEPKcz)
    __z_port_printf(unsigned char*, int)     0x08001a95   Thumb Code   546  lto-llvm-28c2f3.o(.text._Z15__z_port_printfPhi)
    [Anonymous Symbol]                       0x08001a94   Section        0  lto-llvm-28c2f3.o(.text._Z15__z_port_printfPhi)
    multiTimerStart(MultiTimerHandle*, unsigned long long, void (*)(MultiTimerHandle*, void*), void*) 0x08001cb9   Thumb Code   264  lto-llvm-28c2f3.o(.text._Z15multiTimerStartP16MultiTimerHandleyPFvS0_PvES1_)
    [Anonymous Symbol]                       0x08001cb8   Section        0  lto-llvm-28c2f3.o(.text._Z15multiTimerStartP16MultiTimerHandleyPFvS0_PvES1_)
    timer_led_callback(MultiTimerHandle*, void*) 0x08001dc1   Thumb Code   110  lto-llvm-28c2f3.o(.text._Z18timer_led_callbackP16MultiTimerHandlePv)
    [Anonymous Symbol]                       0x08001dc0   Section        0  lto-llvm-28c2f3.o(.text._Z18timer_led_callbackP16MultiTimerHandlePv)
    device_key_00_click()                    0x08001e31   Thumb Code   156  lto-llvm-28c2f3.o(.text._Z19device_key_00_clickv)
    [Anonymous Symbol]                       0x08001e30   Section        0  lto-llvm-28c2f3.o(.text._Z19device_key_00_clickv)
    timer_test_callback(MultiTimerHandle*, void*) 0x08001ecd   Thumb Code  1688  lto-llvm-28c2f3.o(.text._Z19timer_test_callbackP16MultiTimerHandlePv)
    [Anonymous Symbol]                       0x08001ecc   Section        0  lto-llvm-28c2f3.o(.text._Z19timer_test_callbackP16MultiTimerHandlePv)
    device_key_00_release()                  0x08002565   Thumb Code   156  lto-llvm-28c2f3.o(.text._Z21device_key_00_releasev)
    [Anonymous Symbol]                       0x08002564   Section        0  lto-llvm-28c2f3.o(.text._Z21device_key_00_releasev)
    timer_at24c02_callback(MultiTimerHandle*, void*) 0x08002601   Thumb Code    30  lto-llvm-28c2f3.o(.text._Z22timer_at24c02_callbackP16MultiTimerHandlePv)
    [Anonymous Symbol]                       0x08002600   Section        0  lto-llvm-28c2f3.o(.text._Z22timer_at24c02_callbackP16MultiTimerHandlePv)
    __z_debug_arr_add__func(unsigned char*, int) 0x08002621   Thumb Code    74  lto-llvm-28c2f3.o(.text._Z23__z_debug_arr_add__funcPhi)
    [Anonymous Symbol]                       0x08002620   Section        0  lto-llvm-28c2f3.o(.text._Z23__z_debug_arr_add__funcPhi)
    device_key_00_long_press()               0x0800266d   Thumb Code   156  lto-llvm-28c2f3.o(.text._Z24device_key_00_long_pressv)
    [Anonymous Symbol]                       0x0800266c   Section        0  lto-llvm-28c2f3.o(.text._Z24device_key_00_long_pressv)
    device_at24c02_00_write_ok_callback()    0x08002709   Thumb Code    20  lto-llvm-28c2f3.o(.text._ZL35device_at24c02_00_write_ok_callbackv)
    [Anonymous Symbol]                       0x08002708   Section        0  lto-llvm-28c2f3.o(.text._ZL35device_at24c02_00_write_ok_callbackv)
    device_at24c02_00_write_err_callback()   0x0800271d   Thumb Code    20  lto-llvm-28c2f3.o(.text._ZL36device_at24c02_00_write_err_callbackv)
    [Anonymous Symbol]                       0x0800271c   Section        0  lto-llvm-28c2f3.o(.text._ZL36device_at24c02_00_write_err_callbackv)
    DEVICE_4SPI::transfer_core(unsigned char) 0x08002731   Thumb Code   216  lto-llvm-28c2f3.o(.text._ZN11DEVICE_4SPI13transfer_coreEh)
    [Anonymous Symbol]                       0x08002730   Section        0  lto-llvm-28c2f3.o(.text._ZN11DEVICE_4SPI13transfer_coreEh)
    DEVICE_W25Q64::page_write(unsigned int, unsigned char*, unsigned short) 0x08002809   Thumb Code   138  lto-llvm-28c2f3.o(.text._ZN13DEVICE_W25Q6410page_writeEjPht)
    [Anonymous Symbol]                       0x08002808   Section        0  lto-llvm-28c2f3.o(.text._ZN13DEVICE_W25Q6410page_writeEjPht)
    DEVICE_W25Q64::write_data(unsigned int, unsigned char*, unsigned int) 0x08002895   Thumb Code   366  lto-llvm-28c2f3.o(.text._ZN13DEVICE_W25Q6410write_dataEjPhj)
    [Anonymous Symbol]                       0x08002894   Section        0  lto-llvm-28c2f3.o(.text._ZN13DEVICE_W25Q6410write_dataEjPhj)
    DEVICE_W25Q64::sector_erase(unsigned int) 0x08002a05   Thumb Code   128  lto-llvm-28c2f3.o(.text._ZN13DEVICE_W25Q6412sector_eraseEj)
    [Anonymous Symbol]                       0x08002a04   Section        0  lto-llvm-28c2f3.o(.text._ZN13DEVICE_W25Q6412sector_eraseEj)
    DEVICE_W25Q64::write_enable()            0x08002a85   Thumb Code   130  lto-llvm-28c2f3.o(.text._ZN13DEVICE_W25Q6412write_enableEv)
    [Anonymous Symbol]                       0x08002a84   Section        0  lto-llvm-28c2f3.o(.text._ZN13DEVICE_W25Q6412write_enableEv)
    DEVICE_W25Q64::write_disable()           0x08002b09   Thumb Code   126  lto-llvm-28c2f3.o(.text._ZN13DEVICE_W25Q6413write_disableEv)
    [Anonymous Symbol]                       0x08002b08   Section        0  lto-llvm-28c2f3.o(.text._ZN13DEVICE_W25Q6413write_disableEv)
    DEVICE_W25Q64::wait_for_busy_state(DEVICE_W25Q64::W25Q64_OperationType) 0x08002b89   Thumb Code   128  lto-llvm-28c2f3.o(.text._ZN13DEVICE_W25Q6419wait_for_busy_stateENS_20W25Q64_OperationTypeE)
    [Anonymous Symbol]                       0x08002b88   Section        0  lto-llvm-28c2f3.o(.text._ZN13DEVICE_W25Q6419wait_for_busy_stateENS_20W25Q64_OperationTypeE)
    [Anonymous Symbol]                       0x08002c08   Section        0  lto-llvm-28c2f3.o(.text.main)
    CL$$btod_d2e                             0x08003498   Section       62  btod.o(CL$$btod_d2e)
    CL$$btod_d2e_denorm_low                  0x080034d6   Section       70  btod.o(CL$$btod_d2e_denorm_low)
    CL$$btod_d2e_norm_op1                    0x0800351c   Section       96  btod.o(CL$$btod_d2e_norm_op1)
    CL$$btod_div_common                      0x0800357c   Section      824  btod.o(CL$$btod_div_common)
    CL$$btod_e2e                             0x080038b4   Section      220  btod.o(CL$$btod_e2e)
    CL$$btod_ediv                            0x08003990   Section       42  btod.o(CL$$btod_ediv)
    CL$$btod_emul                            0x080039ba   Section       42  btod.o(CL$$btod_emul)
    CL$$btod_mult_common                     0x080039e4   Section      580  btod.o(CL$$btod_mult_common)
    i.__ARM_fpclassify                       0x08003c28   Section        0  fpclassify.o(i.__ARM_fpclassify)
    i._is_digit                              0x08003c50   Section        0  __printf_wp.o(i._is_digit)
    locale$$code                             0x08003c60   Section       44  lc_numeric_c.o(locale$$code)
    locale$$code                             0x08003c8c   Section       44  lc_ctype_c.o(locale$$code)
    x$fpl$dadd                               0x08003cb8   Section      336  daddsub_clz.o(x$fpl$dadd)
    _dadd1                                   0x08003cc9   Thumb Code     0  daddsub_clz.o(x$fpl$dadd)
    x$fpl$dnaninf                            0x08003e08   Section      156  dnaninf.o(x$fpl$dnaninf)
    x$fpl$dretinf                            0x08003ea4   Section       12  dretinf.o(x$fpl$dretinf)
    x$fpl$dsub                               0x08003eb0   Section      476  daddsub_clz.o(x$fpl$dsub)
    _dsub1                                   0x08003ec1   Thumb Code     0  daddsub_clz.o(x$fpl$dsub)
    x$fpl$f2d                                0x0800408c   Section       86  f2d.o(x$fpl$f2d)
    x$fpl$ffltu                              0x080040e4   Section       38  fflt_clz.o(x$fpl$ffltu)
    x$fpl$fmul                               0x0800410c   Section      258  fmul.o(x$fpl$fmul)
    x$fpl$fnaninf                            0x0800420e   Section      140  fnaninf.o(x$fpl$fnaninf)
    x$fpl$fretinf                            0x0800429a   Section       10  fretinf.o(x$fpl$fretinf)
    x$fpl$printf1                            0x080042a4   Section        4  printf1.o(x$fpl$printf1)
    x$fpl$printf2                            0x080042a8   Section        4  printf2.o(x$fpl$printf2)
    initial_mbstate                          0x080042ac   Data           8  _printf_wctomb.o(.constdata)
    .constdata                               0x080042ac   Section        8  _printf_wctomb.o(.constdata)
    x$fpl$usenofp                            0x080042ac   Section        0  usenofp.o(x$fpl$usenofp)
    uc_hextab                                0x080042b4   Data          20  _printf_hex_int_ll_ptr.o(.constdata)
    .constdata                               0x080042b4   Section       40  _printf_hex_int_ll_ptr.o(.constdata)
    lc_hextab                                0x080042c8   Data          20  _printf_hex_int_ll_ptr.o(.constdata)
    maptable                                 0x080042dc   Data          17  __printf_flags_ss_wp.o(.constdata)
    .constdata                               0x080042dc   Section       17  __printf_flags_ss_wp.o(.constdata)
    lc_hextab                                0x080042ed   Data          19  _printf_fp_hex.o(.constdata)
    .constdata                               0x080042ed   Section       38  _printf_fp_hex.o(.constdata)
    uc_hextab                                0x08004300   Data          19  _printf_fp_hex.o(.constdata)
    tenpwrs_x                                0x08004314   Data          60  bigflt0.o(.constdata)
    .constdata                               0x08004314   Section      148  bigflt0.o(.constdata)
    tenpwrs_i                                0x08004350   Data          64  bigflt0.o(.constdata)
    HAL_RCC_GetSysClockFreq.aPredivFactorTable 0x080043a8   Data           2  lto-llvm-28c2f3.o(.rodata)
    [Anonymous Symbol]                       0x080043a8   Section        0  lto-llvm-28c2f3.o(.rodata)
    g_op_timeout                             0x080043ac   Data          20  lto-llvm-28c2f3.o(.rodata)
    HAL_RCC_GetSysClockFreq.aPLLMULFactorTable 0x080043c0   Data          16  lto-llvm-28c2f3.o(.rodata.cst16)
    [Anonymous Symbol]                       0x080043c0   Section        0  lto-llvm-28c2f3.o(.rodata.cst16)
    AHBPrescTable                            0x080043d0   Data          16  lto-llvm-28c2f3.o(.rodata.cst16)
    .L.str.29                                0x080043e0   Data          29  lto-llvm-28c2f3.o(.rodata.str1.1)
    [Anonymous Symbol]                       0x080043e0   Section        0  lto-llvm-28c2f3.o(.rodata.str1.1)
    .L.str.23                                0x080043fd   Data          31  lto-llvm-28c2f3.o(.rodata.str1.1)
    .L.str.24                                0x0800441c   Data          29  lto-llvm-28c2f3.o(.rodata.str1.1)
    .L.str.25                                0x08004439   Data          30  lto-llvm-28c2f3.o(.rodata.str1.1)
    .L.str.30                                0x08004457   Data          36  lto-llvm-28c2f3.o(.rodata.str1.1)
    .L.str.33                                0x0800447b   Data          30  lto-llvm-28c2f3.o(.rodata.str1.1)
    .L.str.28                                0x08004499   Data          27  lto-llvm-28c2f3.o(.rodata.str1.1)
    .L.str.32                                0x080044b4   Data          29  lto-llvm-28c2f3.o(.rodata.str1.1)
    .L.str.31                                0x080044d1   Data          27  lto-llvm-28c2f3.o(.rodata.str1.1)
    .L.str.22                                0x080044ec   Data          30  lto-llvm-28c2f3.o(.rodata.str1.1)
    .L.str.137                               0x0800450a   Data          44  lto-llvm-28c2f3.o(.rodata.str1.1)
    .L.str.6.144                             0x08004536   Data          45  lto-llvm-28c2f3.o(.rodata.str1.1)
    .L.str.3.140                             0x08004563   Data          28  lto-llvm-28c2f3.o(.rodata.str1.1)
    .L.str.2.139                             0x0800457f   Data          33  lto-llvm-28c2f3.o(.rodata.str1.1)
    .L.str.12                                0x080045a0   Data          25  lto-llvm-28c2f3.o(.rodata.str1.1)
    .L.str.8.145                             0x080045b9   Data          26  lto-llvm-28c2f3.o(.rodata.str1.1)
    .L.str.9.146                             0x080045d3   Data          26  lto-llvm-28c2f3.o(.rodata.str1.1)
    .L.str.4.109                             0x080045ed   Data          13  lto-llvm-28c2f3.o(.rodata.str1.1)
    .L.str.6                                 0x080045fa   Data          14  lto-llvm-28c2f3.o(.rodata.str1.1)
    .L.str.128                               0x08004608   Data          11  lto-llvm-28c2f3.o(.rodata.str1.1)
    .L.str.1.127                             0x08004613   Data          12  lto-llvm-28c2f3.o(.rodata.str1.1)
    .L.str.3.108                             0x0800461f   Data          13  lto-llvm-28c2f3.o(.rodata.str1.1)
    .L.str.1.106                             0x0800462c   Data          13  lto-llvm-28c2f3.o(.rodata.str1.1)
    .L.str.26                                0x08004639   Data          37  lto-llvm-28c2f3.o(.rodata.str1.1)
    .L.str.19                                0x0800465e   Data          28  lto-llvm-28c2f3.o(.rodata.str1.1)
    .L.str.7.143                             0x0800467a   Data          36  lto-llvm-28c2f3.o(.rodata.str1.1)
    .L.str.105                               0x0800469e   Data          15  lto-llvm-28c2f3.o(.rodata.str1.1)
    .L.str.7.112                             0x080046aa   Data           3  lto-llvm-28c2f3.o(.rodata.str1.1)
    .L.str.15                                0x080046ad   Data          25  lto-llvm-28c2f3.o(.rodata.str1.1)
    .L.str.5.142                             0x080046c6   Data          21  lto-llvm-28c2f3.o(.rodata.str1.1)
    .L.str.18                                0x080046db   Data          28  lto-llvm-28c2f3.o(.rodata.str1.1)
    .L.str.17                                0x080046f7   Data          28  lto-llvm-28c2f3.o(.rodata.str1.1)
    .L.str.11                                0x08004713   Data          31  lto-llvm-28c2f3.o(.rodata.str1.1)
    .L.str.13                                0x08004732   Data          39  lto-llvm-28c2f3.o(.rodata.str1.1)
    .L.str.16                                0x08004759   Data          19  lto-llvm-28c2f3.o(.rodata.str1.1)
    .L.str.10.147                            0x0800476c   Data          32  lto-llvm-28c2f3.o(.rodata.str1.1)
    .L.str.14                                0x0800478c   Data          27  lto-llvm-28c2f3.o(.rodata.str1.1)
    .L.str.1.138                             0x080047a7   Data          17  lto-llvm-28c2f3.o(.rodata.str1.1)
    .L.str.4.141                             0x080047b8   Data          20  lto-llvm-28c2f3.o(.rodata.str1.1)
    .L.str.5.110                             0x080047cc   Data           8  lto-llvm-28c2f3.o(.rodata.str1.1)
    .L.str.20                                0x080047d4   Data           3  lto-llvm-28c2f3.o(.rodata.str1.1)
    .L.str.27                                0x080047d7   Data           5  lto-llvm-28c2f3.o(.rodata.str1.1)
    .L.str.21                                0x080047dc   Data           6  lto-llvm-28c2f3.o(.rodata.str1.1)
    .L.str.8.113                             0x080047e2   Data          22  lto-llvm-28c2f3.o(.rodata.str1.1)
    .L__func__._Z21device_key_00_releasev    0x080047f8   Data          22  lto-llvm-28c2f3.o(.rodata.str1.1)
    .L.str.9                                 0x08004806   Data           8  lto-llvm-28c2f3.o(.rodata.str1.1)
    .L__func__._Z19timer_test_callbackP16MultiTimerHandlePv 0x0800480e   Data          20  lto-llvm-28c2f3.o(.rodata.str1.1)
    .L__func__._Z19device_key_00_clickv      0x08004822   Data          20  lto-llvm-28c2f3.o(.rodata.str1.1)
    .L.str.6.111                             0x08004830   Data           6  lto-llvm-28c2f3.o(.rodata.str1.1)
    .L.str.60                                0x08004836   Data           9  lto-llvm-28c2f3.o(.rodata.str1.1)
    .L.str.2.90                              0x0800483f   Data          29  lto-llvm-28c2f3.o(.rodata.str1.1)
    .L.str.2.107                             0x0800485c   Data          36  lto-llvm-28c2f3.o(.rodata.str1.1)
    .L.str.10                                0x08004880   Data          11  lto-llvm-28c2f3.o(.rodata.str1.1)
    .L__func__._Z24device_key_00_long_pressv 0x0800488b   Data          25  lto-llvm-28c2f3.o(.rodata.str1.1)
    locale$$data                             0x080048c4   Section       28  lc_numeric_c.o(locale$$data)
    __lcnum_c_name                           0x080048c8   Data           2  lc_numeric_c.o(locale$$data)
    __lcnum_c_start                          0x080048d0   Data           0  lc_numeric_c.o(locale$$data)
    __lcnum_c_point                          0x080048dc   Data           0  lc_numeric_c.o(locale$$data)
    __lcnum_c_thousands                      0x080048de   Data           0  lc_numeric_c.o(locale$$data)
    __lcnum_c_grouping                       0x080048df   Data           0  lc_numeric_c.o(locale$$data)
    __lcnum_c_end                            0x080048e0   Data           0  lc_numeric_c.o(locale$$data)
    locale$$data                             0x080048e0   Section      272  lc_ctype_c.o(locale$$data)
    __lcctype_c_name                         0x080048e4   Data           2  lc_ctype_c.o(locale$$data)
    __lcctype_c_start                        0x080048ec   Data           0  lc_ctype_c.o(locale$$data)
    __lcctype_c_end                          0x080049f0   Data           0  lc_ctype_c.o(locale$$data)
    .init_array                              0x080049f4   Section        0  init_aeabi.o(.init_array)
    SystemCoreClock                          0x20000000   Data           4  lto-llvm-28c2f3.o(.data)
    [Anonymous Symbol]                       0x20000000   Section        0  lto-llvm-28c2f3.o(.data)
    .bss                                     0x20000008   Section       96  libspace.o(.bss)
    uwTickPrio                               0x20000068   Data           1  lto-llvm-28c2f3.o(.bss)
    [Anonymous Symbol]                       0x20000068   Section        0  lto-llvm-28c2f3.o(.bss)
    uwTick                                   0x2000006c   Data           4  lto-llvm-28c2f3.o(.bss)
    z_systick_time                           0x20000070   Data           8  lto-llvm-28c2f3.o(.bss)
    tim_3ms_count                            0x20000078   Data           4  lto-llvm-28c2f3.o(.bss)
    tim_5ms_count                            0x2000007c   Data           4  lto-llvm-28c2f3.o(.bss)
    tim_1s_count                             0x20000080   Data           4  lto-llvm-28c2f3.o(.bss)
    z_debug_arr                              0x20000084   Data         128  lto-llvm-28c2f3.o(.bss)
    __z_debug_arr_add__func(unsigned char*, int)::index 0x20000104   Data           4  lto-llvm-28c2f3.o(.bss)
    z_var_to_str_buf                         0x20000108   Data         128  lto-llvm-28c2f3.o(.bss)
    timerList                                0x20000188   Data           4  lto-llvm-28c2f3.o(.bss)
    _SEGGER_RTT                              0x2000018c   Data         168  lto-llvm-28c2f3.o(.bss)
    _acUpBuffer                              0x20000234   Data         256  lto-llvm-28c2f3.o(.bss)
    _acDownBuffer                            0x20000334   Data           1  lto-llvm-28c2f3.o(.bss)
    timer_test                               0x20000338   Data          24  lto-llvm-28c2f3.o(.bss)
    timer_led                                0x20000350   Data          24  lto-llvm-28c2f3.o(.bss)
    timer_at24c02                            0x20000368   Data          24  lto-llvm-28c2f3.o(.bss)
    timer_test_callback(MultiTimerHandle*, void*)::flag 0x20000380   Data           1  lto-llvm-28c2f3.o(.bss)
    DEVICE_W25Q64::write_data(unsigned int, unsigned char*, unsigned int)::verify_buf 0x20000381   Data         256  lto-llvm-28c2f3.o(.bss)
    hiwdg.0                                  0x20000484   Data           4  lto-llvm-28c2f3.o(.bss)
    device_led_00.0                          0x20000488   Data           4  lto-llvm-28c2f3.o(.bss)
    device_led_00.1                          0x2000048c   Data           1  lto-llvm-28c2f3.o(.bss)
    device_led_00.3                          0x20000490   Data           1  lto-llvm-28c2f3.o(.bss)
    device_led_00.5                          0x20000494   Data           1  lto-llvm-28c2f3.o(.bss)
    device_led_00.6                          0x20000498   Data           4  lto-llvm-28c2f3.o(.bss)
    device_key_00.6                          0x200004a0   Data           4  lto-llvm-28c2f3.o(.bss)
    device_key_00.7                          0x200004a8   Data           8  lto-llvm-28c2f3.o(.bss)
    device_key_00.8                          0x200004b0   Data           8  lto-llvm-28c2f3.o(.bss)
    device_key_00.9                          0x200004b8   Data           8  lto-llvm-28c2f3.o(.bss)
    device_key_00.10                         0x200004c0   Data           1  lto-llvm-28c2f3.o(.bss)
    device_key_00.11                         0x200004c8   Data           4  lto-llvm-28c2f3.o(.bss)
    device_key_00.12                         0x200004d0   Data           4  lto-llvm-28c2f3.o(.bss)
    device_key_00.13                         0x200004d8   Data           4  lto-llvm-28c2f3.o(.bss)
    device_at24c02_00.12                     0x200004dc   Data           4  lto-llvm-28c2f3.o(.bss)
    device_at24c02_00.13                     0x200004e0   Data           4  lto-llvm-28c2f3.o(.bss)
    hiwdg.1.0                                0x200004e4   Data           1  lto-llvm-28c2f3.o(.bss)
    hiwdg.1.1                                0x200004e8   Data           1  lto-llvm-28c2f3.o(.bss)
    Heap_Mem                                 0x200004f0   Data         512  startup_stm32f103xb.o(HEAP)
    HEAP                                     0x200004f0   Section      512  startup_stm32f103xb.o(HEAP)
    Stack_Mem                                0x200006f0   Data        1024  startup_stm32f103xb.o(STACK)
    STACK                                    0x200006f0   Section     1024  startup_stm32f103xb.o(STACK)
    __initial_sp                             0x20000af0   Data           0  startup_stm32f103xb.o(STACK)

    Global Symbols

    Symbol Name                              Value     Ov Type        Size  Object(Section)

    BuildAttributes$$THM_ISAv4$P$D$K$B$S$PE$A:L22UL41UL21$X:L11$S22US41US21$IEEE1$IW$~IW$USESV6$~STKCKD$USESV7$~SHL$OTIME$ROPI$IEEEF$EBA8$UX$STANDARDLIB$REQ8$PRES8$EABIv2 0x00000000   Number         0  anon$$obj.o ABSOLUTE
    __fp_init_empty                          0x00000000   Number         0  fpinit_empty.o ABSOLUTE
    _printf_flags                            0x00000000   Number         0  printf_stubs.o ABSOLUTE
    _printf_return_value                     0x00000000   Number         0  printf_stubs.o ABSOLUTE
    _printf_sizespec                         0x00000000   Number         0  printf_stubs.o ABSOLUTE
    _printf_widthprec                        0x00000000   Number         0  printf_stubs.o ABSOLUTE
    __ARM_exceptions_init                     - Undefined Weak Reference
    __alloca_initialize                       - Undefined Weak Reference
    __arm_preinit_                            - Undefined Weak Reference
    __cxa_finalize                            - Undefined Weak Reference
    __sigvec_lookup                           - Undefined Weak Reference
    __user_heap_extent                        - Undefined Weak Reference
    _atexit_init                              - Undefined Weak Reference
    _call_atexit_fns                          - Undefined Weak Reference
    _clock_init                               - Undefined Weak Reference
    _fp_trap_init                             - Undefined Weak Reference
    _fp_trap_shutdown                         - Undefined Weak Reference
    _get_lc_collate                           - Undefined Weak Reference
    _get_lc_monetary                          - Undefined Weak Reference
    _get_lc_time                              - Undefined Weak Reference
    _getenv_init                              - Undefined Weak Reference
    _handle_redirection                       - Undefined Weak Reference
    _initio                                   - Undefined Weak Reference
    _mutex_acquire                            - Undefined Weak Reference
    _mutex_free                               - Undefined Weak Reference
    _mutex_release                            - Undefined Weak Reference
    _printf_mbtowc                            - Undefined Weak Reference
    _printf_wc                                - Undefined Weak Reference
    _rand_init                                - Undefined Weak Reference
    _signal_finish                            - Undefined Weak Reference
    _signal_init                              - Undefined Weak Reference
    _terminateio                              - Undefined Weak Reference
    __Vectors_Size                           0x000000ec   Number         0  startup_stm32f103xb.o ABSOLUTE
    __Vectors                                0x08000000   Data           4  startup_stm32f103xb.o(RESET)
    __Vectors_End                            0x080000ec   Data           0  startup_stm32f103xb.o(RESET)
    __main                                   0x080000ed   Thumb Code     8  __main.o(!!!main)
    __scatterload                            0x080000f5   Thumb Code     0  __scatter.o(!!!scatter)
    __scatterload_rt2                        0x080000f5   Thumb Code    44  __scatter.o(!!!scatter)
    __scatterload_rt2_thumb_only             0x080000f5   Thumb Code     0  __scatter.o(!!!scatter)
    __scatterload_null                       0x08000103   Thumb Code     0  __scatter.o(!!!scatter)
    __scatterload_copy                       0x08000129   Thumb Code    26  __scatter_copy.o(!!handler_copy)
    __scatterload_zeroinit                   0x08000145   Thumb Code    28  __scatter_zi.o(!!handler_zi)
    _printf_n                                0x08000161   Thumb Code     0  _printf_n.o(.ARM.Collect$$_printf_percent$$00000001)
    _printf_percent                          0x08000161   Thumb Code     0  _printf_percent.o(.ARM.Collect$$_printf_percent$$00000000)
    _printf_p                                0x08000167   Thumb Code     0  _printf_p.o(.ARM.Collect$$_printf_percent$$00000002)
    _printf_f                                0x0800016d   Thumb Code     0  _printf_f.o(.ARM.Collect$$_printf_percent$$00000003)
    _printf_e                                0x08000173   Thumb Code     0  _printf_e.o(.ARM.Collect$$_printf_percent$$00000004)
    _printf_g                                0x08000179   Thumb Code     0  _printf_g.o(.ARM.Collect$$_printf_percent$$00000005)
    _printf_a                                0x0800017f   Thumb Code     0  _printf_a.o(.ARM.Collect$$_printf_percent$$00000006)
    _printf_ll                               0x08000185   Thumb Code     0  _printf_ll.o(.ARM.Collect$$_printf_percent$$00000007)
    _printf_i                                0x0800018f   Thumb Code     0  _printf_i.o(.ARM.Collect$$_printf_percent$$00000008)
    _printf_d                                0x08000195   Thumb Code     0  _printf_d.o(.ARM.Collect$$_printf_percent$$00000009)
    _printf_u                                0x0800019b   Thumb Code     0  _printf_u.o(.ARM.Collect$$_printf_percent$$0000000A)
    _printf_o                                0x080001a1   Thumb Code     0  _printf_o.o(.ARM.Collect$$_printf_percent$$0000000B)
    _printf_x                                0x080001a7   Thumb Code     0  _printf_x.o(.ARM.Collect$$_printf_percent$$0000000C)
    _printf_lli                              0x080001ad   Thumb Code     0  _printf_lli.o(.ARM.Collect$$_printf_percent$$0000000D)
    _printf_lld                              0x080001b3   Thumb Code     0  _printf_lld.o(.ARM.Collect$$_printf_percent$$0000000E)
    _printf_llu                              0x080001b9   Thumb Code     0  _printf_llu.o(.ARM.Collect$$_printf_percent$$0000000F)
    _printf_llo                              0x080001bf   Thumb Code     0  _printf_llo.o(.ARM.Collect$$_printf_percent$$00000010)
    _printf_llx                              0x080001c5   Thumb Code     0  _printf_llx.o(.ARM.Collect$$_printf_percent$$00000011)
    _printf_l                                0x080001cb   Thumb Code     0  _printf_l.o(.ARM.Collect$$_printf_percent$$00000012)
    _printf_c                                0x080001d5   Thumb Code     0  _printf_c.o(.ARM.Collect$$_printf_percent$$00000013)
    _printf_s                                0x080001db   Thumb Code     0  _printf_s.o(.ARM.Collect$$_printf_percent$$00000014)
    _printf_lc                               0x080001e1   Thumb Code     0  _printf_lc.o(.ARM.Collect$$_printf_percent$$00000015)
    _printf_ls                               0x080001e7   Thumb Code     0  _printf_ls.o(.ARM.Collect$$_printf_percent$$00000016)
    _printf_percent_end                      0x080001ed   Thumb Code     0  _printf_percent_end.o(.ARM.Collect$$_printf_percent$$00000017)
    __rt_lib_init                            0x080001f1   Thumb Code     0  libinit.o(.ARM.Collect$$libinit$$00000000)
    __rt_lib_init_fp_1                       0x080001f3   Thumb Code     0  libinit2.o(.ARM.Collect$$libinit$$00000002)
    __rt_lib_init_heap_1                     0x080001f3   Thumb Code     0  libinit2.o(.ARM.Collect$$libinit$$0000000A)
    __rt_lib_init_lc_common                  0x080001f3   Thumb Code     0  libinit2.o(.ARM.Collect$$libinit$$0000000F)
    __rt_lib_init_preinit_1                  0x080001f3   Thumb Code     0  libinit2.o(.ARM.Collect$$libinit$$00000004)
    __rt_lib_init_rand_1                     0x080001f3   Thumb Code     0  libinit2.o(.ARM.Collect$$libinit$$0000000E)
    __rt_lib_init_user_alloc_1               0x080001f3   Thumb Code     0  libinit2.o(.ARM.Collect$$libinit$$0000000C)
    __rt_lib_init_lc_collate_1               0x080001f9   Thumb Code     0  libinit2.o(.ARM.Collect$$libinit$$00000011)
    __rt_lib_init_lc_ctype_2                 0x080001f9   Thumb Code     0  libinit2.o(.ARM.Collect$$libinit$$00000012)
    __rt_lib_init_lc_ctype_1                 0x08000205   Thumb Code     0  libinit2.o(.ARM.Collect$$libinit$$00000013)
    __rt_lib_init_lc_monetary_1              0x08000205   Thumb Code     0  libinit2.o(.ARM.Collect$$libinit$$00000015)
    __rt_lib_init_lc_numeric_2               0x08000205   Thumb Code     0  libinit2.o(.ARM.Collect$$libinit$$00000016)
    __rt_lib_init_alloca_1                   0x0800020f   Thumb Code     0  libinit2.o(.ARM.Collect$$libinit$$0000002E)
    __rt_lib_init_argv_1                     0x0800020f   Thumb Code     0  libinit2.o(.ARM.Collect$$libinit$$0000002C)
    __rt_lib_init_atexit_1                   0x0800020f   Thumb Code     0  libinit2.o(.ARM.Collect$$libinit$$0000001B)
    __rt_lib_init_clock_1                    0x0800020f   Thumb Code     0  libinit2.o(.ARM.Collect$$libinit$$00000021)
    __rt_lib_init_cpp_2                      0x0800020f   Thumb Code     0  libinit2.o(.ARM.Collect$$libinit$$00000031)
    __rt_lib_init_exceptions_1               0x0800020f   Thumb Code     0  libinit2.o(.ARM.Collect$$libinit$$00000030)
    __rt_lib_init_fp_trap_1                  0x0800020f   Thumb Code     0  libinit2.o(.ARM.Collect$$libinit$$0000001F)
    __rt_lib_init_getenv_1                   0x0800020f   Thumb Code     0  libinit2.o(.ARM.Collect$$libinit$$00000023)
    __rt_lib_init_lc_numeric_1               0x0800020f   Thumb Code     0  libinit2.o(.ARM.Collect$$libinit$$00000017)
    __rt_lib_init_lc_time_1                  0x0800020f   Thumb Code     0  libinit2.o(.ARM.Collect$$libinit$$00000019)
    __rt_lib_init_signal_1                   0x0800020f   Thumb Code     0  libinit2.o(.ARM.Collect$$libinit$$0000001D)
    __rt_lib_init_stdio_1                    0x0800020f   Thumb Code     0  libinit2.o(.ARM.Collect$$libinit$$00000025)
    __rt_lib_init_cpp_1                      0x08000213   Thumb Code     0  libinit2.o(.ARM.Collect$$libinit$$00000032)
    __rt_lib_init_return                     0x08000213   Thumb Code     0  libinit2.o(.ARM.Collect$$libinit$$00000033)
    __rt_lib_shutdown                        0x08000215   Thumb Code     0  libshutdown.o(.ARM.Collect$$libshutdown$$00000000)
    __rt_lib_shutdown_cpp_1                  0x08000217   Thumb Code     0  libshutdown2.o(.ARM.Collect$$libshutdown$$00000002)
    __rt_lib_shutdown_fp_trap_1              0x08000217   Thumb Code     0  libshutdown2.o(.ARM.Collect$$libshutdown$$00000007)
    __rt_lib_shutdown_heap_1                 0x08000217   Thumb Code     0  libshutdown2.o(.ARM.Collect$$libshutdown$$0000000F)
    __rt_lib_shutdown_return                 0x08000217   Thumb Code     0  libshutdown2.o(.ARM.Collect$$libshutdown$$00000010)
    __rt_lib_shutdown_signal_1               0x08000217   Thumb Code     0  libshutdown2.o(.ARM.Collect$$libshutdown$$0000000A)
    __rt_lib_shutdown_stdio_1                0x08000217   Thumb Code     0  libshutdown2.o(.ARM.Collect$$libshutdown$$00000004)
    __rt_lib_shutdown_user_alloc_1           0x08000217   Thumb Code     0  libshutdown2.o(.ARM.Collect$$libshutdown$$0000000C)
    __rt_entry                               0x08000219   Thumb Code     0  __rtentry.o(.ARM.Collect$$rtentry$$00000000)
    __rt_entry_presh_1                       0x08000219   Thumb Code     0  __rtentry2.o(.ARM.Collect$$rtentry$$00000002)
    __rt_entry_sh                            0x08000219   Thumb Code     0  __rtentry4.o(.ARM.Collect$$rtentry$$00000004)
    __rt_entry_li                            0x0800021f   Thumb Code     0  __rtentry2.o(.ARM.Collect$$rtentry$$0000000A)
    __rt_entry_postsh_1                      0x0800021f   Thumb Code     0  __rtentry2.o(.ARM.Collect$$rtentry$$00000009)
    __rt_entry_main                          0x08000223   Thumb Code     0  __rtentry2.o(.ARM.Collect$$rtentry$$0000000D)
    __rt_entry_postli_1                      0x08000223   Thumb Code     0  __rtentry2.o(.ARM.Collect$$rtentry$$0000000C)
    __rt_exit                                0x0800022b   Thumb Code     0  rtexit.o(.ARM.Collect$$rtexit$$00000000)
    __rt_exit_ls                             0x0800022d   Thumb Code     0  rtexit2.o(.ARM.Collect$$rtexit$$00000003)
    __rt_exit_prels_1                        0x0800022d   Thumb Code     0  rtexit2.o(.ARM.Collect$$rtexit$$00000002)
    __rt_exit_exit                           0x08000231   Thumb Code     0  rtexit2.o(.ARM.Collect$$rtexit$$00000004)
    Reset_Handler                            0x08000239   Thumb Code     8  startup_stm32f103xb.o(.text)
    ADC1_2_IRQHandler                        0x08000253   Thumb Code     0  startup_stm32f103xb.o(.text)
    CAN1_RX1_IRQHandler                      0x08000253   Thumb Code     0  startup_stm32f103xb.o(.text)
    CAN1_SCE_IRQHandler                      0x08000253   Thumb Code     0  startup_stm32f103xb.o(.text)
    DMA1_Channel1_IRQHandler                 0x08000253   Thumb Code     0  startup_stm32f103xb.o(.text)
    DMA1_Channel2_IRQHandler                 0x08000253   Thumb Code     0  startup_stm32f103xb.o(.text)
    DMA1_Channel3_IRQHandler                 0x08000253   Thumb Code     0  startup_stm32f103xb.o(.text)
    DMA1_Channel4_IRQHandler                 0x08000253   Thumb Code     0  startup_stm32f103xb.o(.text)
    DMA1_Channel5_IRQHandler                 0x08000253   Thumb Code     0  startup_stm32f103xb.o(.text)
    DMA1_Channel6_IRQHandler                 0x08000253   Thumb Code     0  startup_stm32f103xb.o(.text)
    DMA1_Channel7_IRQHandler                 0x08000253   Thumb Code     0  startup_stm32f103xb.o(.text)
    EXTI0_IRQHandler                         0x08000253   Thumb Code     0  startup_stm32f103xb.o(.text)
    EXTI15_10_IRQHandler                     0x08000253   Thumb Code     0  startup_stm32f103xb.o(.text)
    EXTI1_IRQHandler                         0x08000253   Thumb Code     0  startup_stm32f103xb.o(.text)
    EXTI2_IRQHandler                         0x08000253   Thumb Code     0  startup_stm32f103xb.o(.text)
    EXTI3_IRQHandler                         0x08000253   Thumb Code     0  startup_stm32f103xb.o(.text)
    EXTI4_IRQHandler                         0x08000253   Thumb Code     0  startup_stm32f103xb.o(.text)
    EXTI9_5_IRQHandler                       0x08000253   Thumb Code     0  startup_stm32f103xb.o(.text)
    FLASH_IRQHandler                         0x08000253   Thumb Code     0  startup_stm32f103xb.o(.text)
    I2C1_ER_IRQHandler                       0x08000253   Thumb Code     0  startup_stm32f103xb.o(.text)
    I2C1_EV_IRQHandler                       0x08000253   Thumb Code     0  startup_stm32f103xb.o(.text)
    I2C2_ER_IRQHandler                       0x08000253   Thumb Code     0  startup_stm32f103xb.o(.text)
    I2C2_EV_IRQHandler                       0x08000253   Thumb Code     0  startup_stm32f103xb.o(.text)
    PVD_IRQHandler                           0x08000253   Thumb Code     0  startup_stm32f103xb.o(.text)
    RCC_IRQHandler                           0x08000253   Thumb Code     0  startup_stm32f103xb.o(.text)
    RTC_Alarm_IRQHandler                     0x08000253   Thumb Code     0  startup_stm32f103xb.o(.text)
    RTC_IRQHandler                           0x08000253   Thumb Code     0  startup_stm32f103xb.o(.text)
    SPI1_IRQHandler                          0x08000253   Thumb Code     0  startup_stm32f103xb.o(.text)
    SPI2_IRQHandler                          0x08000253   Thumb Code     0  startup_stm32f103xb.o(.text)
    TAMPER_IRQHandler                        0x08000253   Thumb Code     0  startup_stm32f103xb.o(.text)
    TIM1_BRK_IRQHandler                      0x08000253   Thumb Code     0  startup_stm32f103xb.o(.text)
    TIM1_CC_IRQHandler                       0x08000253   Thumb Code     0  startup_stm32f103xb.o(.text)
    TIM1_TRG_COM_IRQHandler                  0x08000253   Thumb Code     0  startup_stm32f103xb.o(.text)
    TIM1_UP_IRQHandler                       0x08000253   Thumb Code     0  startup_stm32f103xb.o(.text)
    TIM2_IRQHandler                          0x08000253   Thumb Code     0  startup_stm32f103xb.o(.text)
    TIM3_IRQHandler                          0x08000253   Thumb Code     0  startup_stm32f103xb.o(.text)
    TIM4_IRQHandler                          0x08000253   Thumb Code     0  startup_stm32f103xb.o(.text)
    USART1_IRQHandler                        0x08000253   Thumb Code     0  startup_stm32f103xb.o(.text)
    USART2_IRQHandler                        0x08000253   Thumb Code     0  startup_stm32f103xb.o(.text)
    USART3_IRQHandler                        0x08000253   Thumb Code     0  startup_stm32f103xb.o(.text)
    USBWakeUp_IRQHandler                     0x08000253   Thumb Code     0  startup_stm32f103xb.o(.text)
    USB_HP_CAN1_TX_IRQHandler                0x08000253   Thumb Code     0  startup_stm32f103xb.o(.text)
    USB_LP_CAN1_RX0_IRQHandler               0x08000253   Thumb Code     0  startup_stm32f103xb.o(.text)
    WWDG_IRQHandler                          0x08000253   Thumb Code     0  startup_stm32f103xb.o(.text)
    __user_initial_stackheap                 0x08000255   Thumb Code     0  startup_stm32f103xb.o(.text)
    vsnprintf                                0x08000279   Thumb Code    48  vsnprintf.o(.text)
    memcmp                                   0x080002ad   Thumb Code    88  memcmp.o(.text)
    strcpy                                   0x08000305   Thumb Code    72  strcpy.o(.text)
    strcmp                                   0x0800034d   Thumb Code   128  strcmpv7m.o(.text)
    __use_two_region_memory                  0x080003cd   Thumb Code     2  heapauxi.o(.text)
    __rt_heap_escrow                         0x080003cf   Thumb Code     2  heapauxi.o(.text)
    __rt_heap_expand                         0x080003d1   Thumb Code     2  heapauxi.o(.text)
    _printf_pre_padding                      0x080003d3   Thumb Code    44  _printf_pad.o(.text)
    _printf_post_padding                     0x080003ff   Thumb Code    34  _printf_pad.o(.text)
    _printf_truncate_signed                  0x08000421   Thumb Code    18  _printf_truncate.o(.text)
    _printf_truncate_unsigned                0x08000433   Thumb Code    18  _printf_truncate.o(.text)
    _printf_str                              0x08000445   Thumb Code    82  _printf_str.o(.text)
    _printf_int_dec                          0x08000499   Thumb Code   104  _printf_dec.o(.text)
    _printf_charcount                        0x08000511   Thumb Code    40  _printf_charcount.o(.text)
    _printf_char_common                      0x08000543   Thumb Code    32  _printf_char_common.o(.text)
    _sputc                                   0x08000569   Thumb Code    10  _sputc.o(.text)
    _snputc                                  0x08000573   Thumb Code    16  _snputc.o(.text)
    _printf_wctomb                           0x08000585   Thumb Code   182  _printf_wctomb.o(.text)
    _printf_longlong_dec                     0x08000641   Thumb Code   108  _printf_longlong_dec.o(.text)
    _printf_longlong_oct                     0x080006bd   Thumb Code    68  _printf_oct_int_ll.o(.text)
    _printf_int_oct                          0x08000701   Thumb Code    24  _printf_oct_int_ll.o(.text)
    _printf_ll_oct                           0x08000719   Thumb Code    12  _printf_oct_int_ll.o(.text)
    _printf_longlong_hex                     0x0800072d   Thumb Code    86  _printf_hex_int_ll_ptr.o(.text)
    _printf_int_hex                          0x08000783   Thumb Code    28  _printf_hex_int_ll_ptr.o(.text)
    _printf_ll_hex                           0x0800079f   Thumb Code    12  _printf_hex_int_ll_ptr.o(.text)
    _printf_hex_ptr                          0x080007ab   Thumb Code    18  _printf_hex_int_ll_ptr.o(.text)
    __printf                                 0x080007c1   Thumb Code   388  __printf_flags_ss_wp.o(.text)
    __aeabi_memcpy4                          0x08000949   Thumb Code     0  rt_memcpy_w.o(.text)
    __aeabi_memcpy8                          0x08000949   Thumb Code     0  rt_memcpy_w.o(.text)
    __rt_memcpy_w                            0x08000949   Thumb Code   100  rt_memcpy_w.o(.text)
    _memcpy_lastbytes_aligned                0x08000991   Thumb Code     0  rt_memcpy_w.o(.text)
    __user_libspace                          0x080009ad   Thumb Code     8  libspace.o(.text)
    __user_perproc_libspace                  0x080009ad   Thumb Code     0  libspace.o(.text)
    __user_perthread_libspace                0x080009ad   Thumb Code     0  libspace.o(.text)
    _ll_udiv10                               0x080009b5   Thumb Code   138  lludiv10.o(.text)
    _printf_int_common                       0x08000a3f   Thumb Code   178  _printf_intcommon.o(.text)
    _printf_fp_dec_real                      0x08000ca1   Thumb Code   620  _printf_fp_dec.o(.text)
    _printf_fp_hex_real                      0x08000f0d   Thumb Code   756  _printf_fp_hex.o(.text)
    _printf_cs_common                        0x08001209   Thumb Code    20  _printf_char.o(.text)
    _printf_char                             0x0800121d   Thumb Code    16  _printf_char.o(.text)
    _printf_string                           0x0800122d   Thumb Code     8  _printf_char.o(.text)
    _printf_lcs_common                       0x08001235   Thumb Code    20  _printf_wchar.o(.text)
    _printf_wchar                            0x08001249   Thumb Code    16  _printf_wchar.o(.text)
    _printf_wstring                          0x08001259   Thumb Code     8  _printf_wchar.o(.text)
    _c16rtomb                                0x08001261   Thumb Code    72  _c16rtomb.o(.text)
    _wcrtomb                                 0x08001261   Thumb Code     0  _c16rtomb.o(.text)
    __aeabi_memclr4                          0x080012a9   Thumb Code     0  rt_memclr_w.o(.text)
    __aeabi_memclr8                          0x080012a9   Thumb Code     0  rt_memclr_w.o(.text)
    __rt_memclr_w                            0x080012a9   Thumb Code     0  rt_memclr_w.o(.text)
    _memset_w                                0x080012ad   Thumb Code    74  rt_memclr_w.o(.text)
    __I$use$semihosting                      0x080012f7   Thumb Code     0  use_no_semi.o(.text)
    __use_no_semihosting_swi                 0x080012f7   Thumb Code     2  use_no_semi.o(.text)
    __semihosting_library_function           0x080012f9   Thumb Code     0  indicate_semi.o(.text)
    __user_setup_stackheap                   0x080012f9   Thumb Code    74  sys_stackheap_outer.o(.text)
    __rt_ctype_table                         0x08001345   Thumb Code    16  rt_ctype_table.o(.text)
    __rt_locale                              0x08001355   Thumb Code     8  rt_locale_intlibspace.o(.text)
    _printf_fp_infnan                        0x0800135d   Thumb Code   112  _printf_fp_infnan.o(.text)
    _btod_etento                             0x080013dd   Thumb Code   224  bigflt0.o(.text)
    exit                                     0x080014c1   Thumb Code    18  exit.o(.text)
    _sys_exit                                0x080014d5   Thumb Code     8  sys_exit.o(.text)
    __aeabi_memcpy                           0x080014e1   Thumb Code     0  rt_memcpy_v6.o(.text)
    __rt_memcpy                              0x080014e1   Thumb Code   138  rt_memcpy_v6.o(.text)
    _memcpy_lastbytes                        0x08001547   Thumb Code     0  rt_memcpy_v6.o(.text)
    __aeabi_memset4                          0x0800156b   Thumb Code    16  aeabi_memset4.o(.text)
    __aeabi_memset8                          0x0800156b   Thumb Code     0  aeabi_memset4.o(.text)
    __cpp_initialize__aeabi_                 0x0800157d   Thumb Code    28  init_aeabi.o(.text)
    BusFault_Handler                         0x080015a1   Thumb Code     2  lto-llvm-28c2f3.o(.text.BusFault_Handler)
    DebugMon_Handler                         0x080015a5   Thumb Code     2  lto-llvm-28c2f3.o(.text.DebugMon_Handler)
    HardFault_Handler                        0x080017ed   Thumb Code     2  lto-llvm-28c2f3.o(.text.HardFault_Handler)
    MemManage_Handler                        0x080017f1   Thumb Code     2  lto-llvm-28c2f3.o(.text.MemManage_Handler)
    NMI_Handler                              0x080017f5   Thumb Code     2  lto-llvm-28c2f3.o(.text.NMI_Handler)
    PendSV_Handler                           0x080017f9   Thumb Code     2  lto-llvm-28c2f3.o(.text.PendSV_Handler)
    SVC_Handler                              0x080017fd   Thumb Code     2  lto-llvm-28c2f3.o(.text.SVC_Handler)
    SysTick_Handler                          0x08001801   Thumb Code   458  lto-llvm-28c2f3.o(.text.SysTick_Handler)
    SystemInit                               0x080019cd   Thumb Code     2  lto-llvm-28c2f3.o(.text.SystemInit)
    UsageFault_Handler                       0x080019d1   Thumb Code     2  lto-llvm-28c2f3.o(.text.UsageFault_Handler)
    main                                     0x08002c09   Thumb Code  2192  lto-llvm-28c2f3.o(.text.main)
    _btod_d2e                                0x08003499   Thumb Code    62  btod.o(CL$$btod_d2e)
    _d2e_denorm_low                          0x080034d7   Thumb Code    70  btod.o(CL$$btod_d2e_denorm_low)
    _d2e_norm_op1                            0x0800351d   Thumb Code    96  btod.o(CL$$btod_d2e_norm_op1)
    __btod_div_common                        0x0800357d   Thumb Code   696  btod.o(CL$$btod_div_common)
    _e2e                                     0x080038b5   Thumb Code   220  btod.o(CL$$btod_e2e)
    _btod_ediv                               0x08003991   Thumb Code    42  btod.o(CL$$btod_ediv)
    _btod_emul                               0x080039bb   Thumb Code    42  btod.o(CL$$btod_emul)
    __btod_mult_common                       0x080039e5   Thumb Code   580  btod.o(CL$$btod_mult_common)
    __ARM_fpclassify                         0x08003c29   Thumb Code    40  fpclassify.o(i.__ARM_fpclassify)
    _is_digit                                0x08003c51   Thumb Code    14  __printf_wp.o(i._is_digit)
    _get_lc_numeric                          0x08003c61   Thumb Code    44  lc_numeric_c.o(locale$$code)
    _get_lc_ctype                            0x08003c8d   Thumb Code    44  lc_ctype_c.o(locale$$code)
    __aeabi_dadd                             0x08003cb9   Thumb Code     0  daddsub_clz.o(x$fpl$dadd)
    _dadd                                    0x08003cb9   Thumb Code   332  daddsub_clz.o(x$fpl$dadd)
    __fpl_dnaninf                            0x08003e09   Thumb Code   156  dnaninf.o(x$fpl$dnaninf)
    __fpl_dretinf                            0x08003ea5   Thumb Code    12  dretinf.o(x$fpl$dretinf)
    __aeabi_dsub                             0x08003eb1   Thumb Code     0  daddsub_clz.o(x$fpl$dsub)
    _dsub                                    0x08003eb1   Thumb Code   472  daddsub_clz.o(x$fpl$dsub)
    __aeabi_f2d                              0x0800408d   Thumb Code     0  f2d.o(x$fpl$f2d)
    _f2d                                     0x0800408d   Thumb Code    86  f2d.o(x$fpl$f2d)
    __aeabi_ui2f                             0x080040e5   Thumb Code     0  fflt_clz.o(x$fpl$ffltu)
    _ffltu                                   0x080040e5   Thumb Code    38  fflt_clz.o(x$fpl$ffltu)
    __aeabi_fmul                             0x0800410d   Thumb Code     0  fmul.o(x$fpl$fmul)
    _fmul                                    0x0800410d   Thumb Code   258  fmul.o(x$fpl$fmul)
    __fpl_fnaninf                            0x0800420f   Thumb Code   140  fnaninf.o(x$fpl$fnaninf)
    __fpl_fretinf                            0x0800429b   Thumb Code    10  fretinf.o(x$fpl$fretinf)
    _printf_fp_dec                           0x080042a5   Thumb Code     4  printf1.o(x$fpl$printf1)
    _printf_fp_hex                           0x080042a9   Thumb Code     4  printf2.o(x$fpl$printf2)
    __I$use$fp                               0x080042ac   Number         0  usenofp.o(x$fpl$usenofp)
    Region$$Table$$Base                      0x080048a4   Number         0  anon$$obj.o(Region$$Table)
    Region$$Table$$Limit                     0x080048c4   Number         0  anon$$obj.o(Region$$Table)
    __ctype                                  0x080048ed   Data           0  lc_ctype_c.o(locale$$data)
    SHT$$INIT_ARRAY$$Base                    0x080049f0   Number         0  lto-llvm-28c2f3.o(.init_array)
    SHT$$INIT_ARRAY$$Limit                   0x080049f4   Number         0  init_aeabi.o(.init_array)
    __libspace_start                         0x20000008   Data          96  libspace.o(.bss)
    __temporary_stack_top$libspace           0x20000068   Data           0  libspace.o(.bss)



==============================================================================

Memory Map of the image

  Image Entry point : 0x080000ed

  Load Region LR_IROM1 (Base: 0x08000000, Size: 0x00004a00, Max: 0x00010000, ABSOLUTE)

    Execution Region ER_IROM1 (Exec base: 0x08000000, Load base: 0x08000000, Size: 0x000049f4, Max: 0x00010000, ABSOLUTE)

    Exec Addr    Load Addr    Size         Type   Attr      Idx    E Section Name        Object

    0x08000000   0x08000000   0x000000ec   Data   RO            3    RESET               startup_stm32f103xb.o
    0x080000ec   0x080000ec   0x00000008   Code   RO          138  * !!!main             c_w.l(__main.o)
    0x080000f4   0x080000f4   0x00000034   Code   RO          642    !!!scatter          c_w.l(__scatter.o)
    0x08000128   0x08000128   0x0000001a   Code   RO          644    !!handler_copy      c_w.l(__scatter_copy.o)
    0x08000142   0x08000142   0x00000002   PAD
    0x08000144   0x08000144   0x0000001c   Code   RO          646    !!handler_zi        c_w.l(__scatter_zi.o)
    0x08000160   0x08000160   0x00000000   Code   RO          249    .ARM.Collect$$_printf_percent$$00000000  c_w.l(_printf_percent.o)
    0x08000160   0x08000160   0x00000006   Code   RO          238    .ARM.Collect$$_printf_percent$$00000001  c_w.l(_printf_n.o)
    0x08000166   0x08000166   0x00000006   Code   RO          240    .ARM.Collect$$_printf_percent$$00000002  c_w.l(_printf_p.o)
    0x0800016c   0x0800016c   0x00000006   Code   RO          245    .ARM.Collect$$_printf_percent$$00000003  c_w.l(_printf_f.o)
    0x08000172   0x08000172   0x00000006   Code   RO          246    .ARM.Collect$$_printf_percent$$00000004  c_w.l(_printf_e.o)
    0x08000178   0x08000178   0x00000006   Code   RO          247    .ARM.Collect$$_printf_percent$$00000005  c_w.l(_printf_g.o)
    0x0800017e   0x0800017e   0x00000006   Code   RO          248    .ARM.Collect$$_printf_percent$$00000006  c_w.l(_printf_a.o)
    0x08000184   0x08000184   0x0000000a   Code   RO          253    .ARM.Collect$$_printf_percent$$00000007  c_w.l(_printf_ll.o)
    0x0800018e   0x0800018e   0x00000006   Code   RO          242    .ARM.Collect$$_printf_percent$$00000008  c_w.l(_printf_i.o)
    0x08000194   0x08000194   0x00000006   Code   RO          243    .ARM.Collect$$_printf_percent$$00000009  c_w.l(_printf_d.o)
    0x0800019a   0x0800019a   0x00000006   Code   RO          244    .ARM.Collect$$_printf_percent$$0000000A  c_w.l(_printf_u.o)
    0x080001a0   0x080001a0   0x00000006   Code   RO          241    .ARM.Collect$$_printf_percent$$0000000B  c_w.l(_printf_o.o)
    0x080001a6   0x080001a6   0x00000006   Code   RO          239    .ARM.Collect$$_printf_percent$$0000000C  c_w.l(_printf_x.o)
    0x080001ac   0x080001ac   0x00000006   Code   RO          250    .ARM.Collect$$_printf_percent$$0000000D  c_w.l(_printf_lli.o)
    0x080001b2   0x080001b2   0x00000006   Code   RO          251    .ARM.Collect$$_printf_percent$$0000000E  c_w.l(_printf_lld.o)
    0x080001b8   0x080001b8   0x00000006   Code   RO          252    .ARM.Collect$$_printf_percent$$0000000F  c_w.l(_printf_llu.o)
    0x080001be   0x080001be   0x00000006   Code   RO          257    .ARM.Collect$$_printf_percent$$00000010  c_w.l(_printf_llo.o)
    0x080001c4   0x080001c4   0x00000006   Code   RO          258    .ARM.Collect$$_printf_percent$$00000011  c_w.l(_printf_llx.o)
    0x080001ca   0x080001ca   0x0000000a   Code   RO          254    .ARM.Collect$$_printf_percent$$00000012  c_w.l(_printf_l.o)
    0x080001d4   0x080001d4   0x00000006   Code   RO          236    .ARM.Collect$$_printf_percent$$00000013  c_w.l(_printf_c.o)
    0x080001da   0x080001da   0x00000006   Code   RO          237    .ARM.Collect$$_printf_percent$$00000014  c_w.l(_printf_s.o)
    0x080001e0   0x080001e0   0x00000006   Code   RO          255    .ARM.Collect$$_printf_percent$$00000015  c_w.l(_printf_lc.o)
    0x080001e6   0x080001e6   0x00000006   Code   RO          256    .ARM.Collect$$_printf_percent$$00000016  c_w.l(_printf_ls.o)
    0x080001ec   0x080001ec   0x00000004   Code   RO          365    .ARM.Collect$$_printf_percent$$00000017  c_w.l(_printf_percent_end.o)
    0x080001f0   0x080001f0   0x00000002   Code   RO          444    .ARM.Collect$$libinit$$00000000  c_w.l(libinit.o)
    0x080001f2   0x080001f2   0x00000000   Code   RO          266    .ARM.Collect$$libinit$$00000002  c_w.l(libinit2.o)
    0x080001f2   0x080001f2   0x00000000   Code   RO          268    .ARM.Collect$$libinit$$00000004  c_w.l(libinit2.o)
    0x080001f2   0x080001f2   0x00000000   Code   RO          271    .ARM.Collect$$libinit$$0000000A  c_w.l(libinit2.o)
    0x080001f2   0x080001f2   0x00000000   Code   RO          273    .ARM.Collect$$libinit$$0000000C  c_w.l(libinit2.o)
    0x080001f2   0x080001f2   0x00000000   Code   RO          275    .ARM.Collect$$libinit$$0000000E  c_w.l(libinit2.o)
    0x080001f2   0x080001f2   0x00000006   Code   RO          276    .ARM.Collect$$libinit$$0000000F  c_w.l(libinit2.o)
    0x080001f8   0x080001f8   0x00000000   Code   RO          278    .ARM.Collect$$libinit$$00000011  c_w.l(libinit2.o)
    0x080001f8   0x080001f8   0x0000000c   Code   RO          279    .ARM.Collect$$libinit$$00000012  c_w.l(libinit2.o)
    0x08000204   0x08000204   0x00000000   Code   RO          280    .ARM.Collect$$libinit$$00000013  c_w.l(libinit2.o)
    0x08000204   0x08000204   0x00000000   Code   RO          282    .ARM.Collect$$libinit$$00000015  c_w.l(libinit2.o)
    0x08000204   0x08000204   0x0000000a   Code   RO          283    .ARM.Collect$$libinit$$00000016  c_w.l(libinit2.o)
    0x0800020e   0x0800020e   0x00000000   Code   RO          284    .ARM.Collect$$libinit$$00000017  c_w.l(libinit2.o)
    0x0800020e   0x0800020e   0x00000000   Code   RO          286    .ARM.Collect$$libinit$$00000019  c_w.l(libinit2.o)
    0x0800020e   0x0800020e   0x00000000   Code   RO          288    .ARM.Collect$$libinit$$0000001B  c_w.l(libinit2.o)
    0x0800020e   0x0800020e   0x00000000   Code   RO          290    .ARM.Collect$$libinit$$0000001D  c_w.l(libinit2.o)
    0x0800020e   0x0800020e   0x00000000   Code   RO          292    .ARM.Collect$$libinit$$0000001F  c_w.l(libinit2.o)
    0x0800020e   0x0800020e   0x00000000   Code   RO          294    .ARM.Collect$$libinit$$00000021  c_w.l(libinit2.o)
    0x0800020e   0x0800020e   0x00000000   Code   RO          296    .ARM.Collect$$libinit$$00000023  c_w.l(libinit2.o)
    0x0800020e   0x0800020e   0x00000000   Code   RO          298    .ARM.Collect$$libinit$$00000025  c_w.l(libinit2.o)
    0x0800020e   0x0800020e   0x00000000   Code   RO          302    .ARM.Collect$$libinit$$0000002C  c_w.l(libinit2.o)
    0x0800020e   0x0800020e   0x00000000   Code   RO          304    .ARM.Collect$$libinit$$0000002E  c_w.l(libinit2.o)
    0x0800020e   0x0800020e   0x00000000   Code   RO          306    .ARM.Collect$$libinit$$00000030  c_w.l(libinit2.o)
    0x0800020e   0x0800020e   0x00000004   Code   RO          307    .ARM.Collect$$libinit$$00000031  c_w.l(libinit2.o)
    0x08000212   0x08000212   0x00000000   Code   RO          308    .ARM.Collect$$libinit$$00000032  c_w.l(libinit2.o)
    0x08000212   0x08000212   0x00000002   Code   RO          309    .ARM.Collect$$libinit$$00000033  c_w.l(libinit2.o)
    0x08000214   0x08000214   0x00000002   Code   RO          518    .ARM.Collect$$libshutdown$$00000000  c_w.l(libshutdown.o)
    0x08000216   0x08000216   0x00000000   Code   RO          470    .ARM.Collect$$libshutdown$$00000002  c_w.l(libshutdown2.o)
    0x08000216   0x08000216   0x00000000   Code   RO          472    .ARM.Collect$$libshutdown$$00000004  c_w.l(libshutdown2.o)
    0x08000216   0x08000216   0x00000000   Code   RO          475    .ARM.Collect$$libshutdown$$00000007  c_w.l(libshutdown2.o)
    0x08000216   0x08000216   0x00000000   Code   RO          478    .ARM.Collect$$libshutdown$$0000000A  c_w.l(libshutdown2.o)
    0x08000216   0x08000216   0x00000000   Code   RO          480    .ARM.Collect$$libshutdown$$0000000C  c_w.l(libshutdown2.o)
    0x08000216   0x08000216   0x00000000   Code   RO          483    .ARM.Collect$$libshutdown$$0000000F  c_w.l(libshutdown2.o)
    0x08000216   0x08000216   0x00000002   Code   RO          484    .ARM.Collect$$libshutdown$$00000010  c_w.l(libshutdown2.o)
    0x08000218   0x08000218   0x00000000   Code   RO          142    .ARM.Collect$$rtentry$$00000000  c_w.l(__rtentry.o)
    0x08000218   0x08000218   0x00000000   Code   RO          326    .ARM.Collect$$rtentry$$00000002  c_w.l(__rtentry2.o)
    0x08000218   0x08000218   0x00000006   Code   RO          338    .ARM.Collect$$rtentry$$00000004  c_w.l(__rtentry4.o)
    0x0800021e   0x0800021e   0x00000000   Code   RO          328    .ARM.Collect$$rtentry$$00000009  c_w.l(__rtentry2.o)
    0x0800021e   0x0800021e   0x00000004   Code   RO          329    .ARM.Collect$$rtentry$$0000000A  c_w.l(__rtentry2.o)
    0x08000222   0x08000222   0x00000000   Code   RO          331    .ARM.Collect$$rtentry$$0000000C  c_w.l(__rtentry2.o)
    0x08000222   0x08000222   0x00000008   Code   RO          332    .ARM.Collect$$rtentry$$0000000D  c_w.l(__rtentry2.o)
    0x0800022a   0x0800022a   0x00000002   Code   RO          454    .ARM.Collect$$rtexit$$00000000  c_w.l(rtexit.o)
    0x0800022c   0x0800022c   0x00000000   Code   RO          490    .ARM.Collect$$rtexit$$00000002  c_w.l(rtexit2.o)
    0x0800022c   0x0800022c   0x00000004   Code   RO          491    .ARM.Collect$$rtexit$$00000003  c_w.l(rtexit2.o)
    0x08000230   0x08000230   0x00000006   Code   RO          492    .ARM.Collect$$rtexit$$00000004  c_w.l(rtexit2.o)
    0x08000236   0x08000236   0x00000002   PAD
    0x08000238   0x08000238   0x00000040   Code   RO            4    .text               startup_stm32f103xb.o
    0x08000278   0x08000278   0x00000034   Code   RO          126    .text               c_w.l(vsnprintf.o)
    0x080002ac   0x080002ac   0x00000058   Code   RO          128    .text               c_w.l(memcmp.o)
    0x08000304   0x08000304   0x00000048   Code   RO          130    .text               c_w.l(strcpy.o)
    0x0800034c   0x0800034c   0x00000080   Code   RO          134    .text               c_w.l(strcmpv7m.o)
    0x080003cc   0x080003cc   0x00000006   Code   RO          136    .text               c_w.l(heapauxi.o)
    0x080003d2   0x080003d2   0x0000004e   Code   RO          168    .text               c_w.l(_printf_pad.o)
    0x08000420   0x08000420   0x00000024   Code   RO          170    .text               c_w.l(_printf_truncate.o)
    0x08000444   0x08000444   0x00000052   Code   RO          172    .text               c_w.l(_printf_str.o)
    0x08000496   0x08000496   0x00000002   PAD
    0x08000498   0x08000498   0x00000078   Code   RO          174    .text               c_w.l(_printf_dec.o)
    0x08000510   0x08000510   0x00000028   Code   RO          176    .text               c_w.l(_printf_charcount.o)
    0x08000538   0x08000538   0x00000030   Code   RO          178    .text               c_w.l(_printf_char_common.o)
    0x08000568   0x08000568   0x0000000a   Code   RO          180    .text               c_w.l(_sputc.o)
    0x08000572   0x08000572   0x00000010   Code   RO          182    .text               c_w.l(_snputc.o)
    0x08000582   0x08000582   0x00000002   PAD
    0x08000584   0x08000584   0x000000bc   Code   RO          184    .text               c_w.l(_printf_wctomb.o)
    0x08000640   0x08000640   0x0000007c   Code   RO          187    .text               c_w.l(_printf_longlong_dec.o)
    0x080006bc   0x080006bc   0x00000070   Code   RO          193    .text               c_w.l(_printf_oct_int_ll.o)
    0x0800072c   0x0800072c   0x00000094   Code   RO          213    .text               c_w.l(_printf_hex_int_ll_ptr.o)
    0x080007c0   0x080007c0   0x00000188   Code   RO          233    .text               c_w.l(__printf_flags_ss_wp.o)
    0x08000948   0x08000948   0x00000064   Code   RO          259    .text               c_w.l(rt_memcpy_w.o)
    0x080009ac   0x080009ac   0x00000008   Code   RO          322    .text               c_w.l(libspace.o)
    0x080009b4   0x080009b4   0x0000008a   Code   RO          348    .text               c_w.l(lludiv10.o)
    0x08000a3e   0x08000a3e   0x000000b2   Code   RO          350    .text               c_w.l(_printf_intcommon.o)
    0x08000af0   0x08000af0   0x0000041c   Code   RO          352    .text               c_w.l(_printf_fp_dec.o)
    0x08000f0c   0x08000f0c   0x000002fc   Code   RO          356    .text               c_w.l(_printf_fp_hex.o)
    0x08001208   0x08001208   0x0000002c   Code   RO          361    .text               c_w.l(_printf_char.o)
    0x08001234   0x08001234   0x0000002c   Code   RO          363    .text               c_w.l(_printf_wchar.o)
    0x08001260   0x08001260   0x00000048   Code   RO          366    .text               c_w.l(_c16rtomb.o)
    0x080012a8   0x080012a8   0x0000004e   Code   RO          372    .text               c_w.l(rt_memclr_w.o)
    0x080012f6   0x080012f6   0x00000002   Code   RO          381    .text               c_w.l(use_no_semi.o)
    0x080012f8   0x080012f8   0x00000000   Code   RO          383    .text               c_w.l(indicate_semi.o)
    0x080012f8   0x080012f8   0x0000004a   Code   RO          384    .text               c_w.l(sys_stackheap_outer.o)
    0x08001342   0x08001342   0x00000002   PAD
    0x08001344   0x08001344   0x00000010   Code   RO          386    .text               c_w.l(rt_ctype_table.o)
    0x08001354   0x08001354   0x00000008   Code   RO          393    .text               c_w.l(rt_locale_intlibspace.o)
    0x0800135c   0x0800135c   0x00000080   Code   RO          397    .text               c_w.l(_printf_fp_infnan.o)
    0x080013dc   0x080013dc   0x000000e4   Code   RO          399    .text               c_w.l(bigflt0.o)
    0x080014c0   0x080014c0   0x00000012   Code   RO          429    .text               c_w.l(exit.o)
    0x080014d2   0x080014d2   0x00000002   PAD
    0x080014d4   0x080014d4   0x0000000c   Code   RO          450    .text               c_w.l(sys_exit.o)
    0x080014e0   0x080014e0   0x0000008a   Code   RO          602    .text               c_w.l(rt_memcpy_v6.o)
    0x0800156a   0x0800156a   0x00000010   Code   RO          604    .text               c_w.l(aeabi_memset4.o)
    0x0800157a   0x0800157a   0x00000002   PAD
    0x0800157c   0x0800157c   0x00000024   Code   RO          609    .text               c_w.l(init_aeabi.o)
    0x080015a0   0x080015a0   0x00000002   Code   RO          528    .text.BusFault_Handler  lto-llvm-28c2f3.o
    0x080015a2   0x080015a2   0x00000002   PAD
    0x080015a4   0x080015a4   0x00000002   Code   RO          534    .text.DebugMon_Handler  lto-llvm-28c2f3.o
    0x080015a6   0x080015a6   0x00000002   PAD
    0x080015a8   0x080015a8   0x00000242   Code   RO          540    .text.HAL_GPIO_Init  lto-llvm-28c2f3.o
    0x080017ea   0x080017ea   0x00000002   PAD
    0x080017ec   0x080017ec   0x00000002   Code   RO          524    .text.HardFault_Handler  lto-llvm-28c2f3.o
    0x080017ee   0x080017ee   0x00000002   PAD
    0x080017f0   0x080017f0   0x00000002   Code   RO          526    .text.MemManage_Handler  lto-llvm-28c2f3.o
    0x080017f2   0x080017f2   0x00000002   PAD
    0x080017f4   0x080017f4   0x00000002   Code   RO          522    .text.NMI_Handler   lto-llvm-28c2f3.o
    0x080017f6   0x080017f6   0x00000002   PAD
    0x080017f8   0x080017f8   0x00000002   Code   RO          536    .text.PendSV_Handler  lto-llvm-28c2f3.o
    0x080017fa   0x080017fa   0x00000002   PAD
    0x080017fc   0x080017fc   0x00000002   Code   RO          532    .text.SVC_Handler   lto-llvm-28c2f3.o
    0x080017fe   0x080017fe   0x00000002   PAD
    0x08001800   0x08001800   0x000001ca   Code   RO          538    .text.SysTick_Handler  lto-llvm-28c2f3.o
    0x080019ca   0x080019ca   0x00000002   PAD
    0x080019cc   0x080019cc   0x00000002   Code   RO          542    .text.SystemInit    lto-llvm-28c2f3.o
    0x080019ce   0x080019ce   0x00000002   PAD
    0x080019d0   0x080019d0   0x00000002   Code   RO          530    .text.UsageFault_Handler  lto-llvm-28c2f3.o
    0x080019d2   0x080019d2   0x00000002   PAD
    0x080019d4   0x080019d4   0x00000076   Code   RO          560    .text._GLOBAL__sub_I_device_led.cpp  lto-llvm-28c2f3.o
    0x08001a4a   0x08001a4a   0x00000002   PAD
    0x08001a4c   0x08001a4c   0x00000004   Code   RO          546    .text._Z10__z_printfPhi  lto-llvm-28c2f3.o
    0x08001a50   0x08001a50   0x00000010   Code   RO          562    .text._Z11read_key_00v  lto-llvm-28c2f3.o
    0x08001a60   0x08001a60   0x00000034   Code   RO          548    .text._Z12z_var_to_strPFvPhiEPKcz  lto-llvm-28c2f3.o
    0x08001a94   0x08001a94   0x00000222   Code   RO          552    .text._Z15__z_port_printfPhi  lto-llvm-28c2f3.o
    0x08001cb6   0x08001cb6   0x00000002   PAD
    0x08001cb8   0x08001cb8   0x00000108   Code   RO          550    .text._Z15multiTimerStartP16MultiTimerHandleyPFvS0_PvES1_  lto-llvm-28c2f3.o
    0x08001dc0   0x08001dc0   0x0000006e   Code   RO          556    .text._Z18timer_led_callbackP16MultiTimerHandlePv  lto-llvm-28c2f3.o
    0x08001e2e   0x08001e2e   0x00000002   PAD
    0x08001e30   0x08001e30   0x0000009c   Code   RO          564    .text._Z19device_key_00_clickv  lto-llvm-28c2f3.o
    0x08001ecc   0x08001ecc   0x00000698   Code   RO          554    .text._Z19timer_test_callbackP16MultiTimerHandlePv  lto-llvm-28c2f3.o
    0x08002564   0x08002564   0x0000009c   Code   RO          566    .text._Z21device_key_00_releasev  lto-llvm-28c2f3.o
    0x08002600   0x08002600   0x0000001e   Code   RO          558    .text._Z22timer_at24c02_callbackP16MultiTimerHandlePv  lto-llvm-28c2f3.o
    0x0800261e   0x0800261e   0x00000002   PAD
    0x08002620   0x08002620   0x0000004a   Code   RO          544    .text._Z23__z_debug_arr_add__funcPhi  lto-llvm-28c2f3.o
    0x0800266a   0x0800266a   0x00000002   PAD
    0x0800266c   0x0800266c   0x0000009c   Code   RO          568    .text._Z24device_key_00_long_pressv  lto-llvm-28c2f3.o
    0x08002708   0x08002708   0x00000014   Code   RO          570    .text._ZL35device_at24c02_00_write_ok_callbackv  lto-llvm-28c2f3.o
    0x0800271c   0x0800271c   0x00000014   Code   RO          572    .text._ZL36device_at24c02_00_write_err_callbackv  lto-llvm-28c2f3.o
    0x08002730   0x08002730   0x000000d8   Code   RO          574    .text._ZN11DEVICE_4SPI13transfer_coreEh  lto-llvm-28c2f3.o
    0x08002808   0x08002808   0x0000008a   Code   RO          584    .text._ZN13DEVICE_W25Q6410page_writeEjPht  lto-llvm-28c2f3.o
    0x08002892   0x08002892   0x00000002   PAD
    0x08002894   0x08002894   0x0000016e   Code   RO          586    .text._ZN13DEVICE_W25Q6410write_dataEjPhj  lto-llvm-28c2f3.o
    0x08002a02   0x08002a02   0x00000002   PAD
    0x08002a04   0x08002a04   0x00000080   Code   RO          582    .text._ZN13DEVICE_W25Q6412sector_eraseEj  lto-llvm-28c2f3.o
    0x08002a84   0x08002a84   0x00000082   Code   RO          576    .text._ZN13DEVICE_W25Q6412write_enableEv  lto-llvm-28c2f3.o
    0x08002b06   0x08002b06   0x00000002   PAD
    0x08002b08   0x08002b08   0x0000007e   Code   RO          580    .text._ZN13DEVICE_W25Q6413write_disableEv  lto-llvm-28c2f3.o
    0x08002b86   0x08002b86   0x00000002   PAD
    0x08002b88   0x08002b88   0x00000080   Code   RO          578    .text._ZN13DEVICE_W25Q6419wait_for_busy_stateENS_20W25Q64_OperationTypeE  lto-llvm-28c2f3.o
    0x08002c08   0x08002c08   0x00000890   Code   RO          520    .text.main          lto-llvm-28c2f3.o
    0x08003498   0x08003498   0x0000003e   Code   RO          402    CL$$btod_d2e        c_w.l(btod.o)
    0x080034d6   0x080034d6   0x00000046   Code   RO          404    CL$$btod_d2e_denorm_low  c_w.l(btod.o)
    0x0800351c   0x0800351c   0x00000060   Code   RO          403    CL$$btod_d2e_norm_op1  c_w.l(btod.o)
    0x0800357c   0x0800357c   0x00000338   Code   RO          412    CL$$btod_div_common  c_w.l(btod.o)
    0x080038b4   0x080038b4   0x000000dc   Code   RO          409    CL$$btod_e2e        c_w.l(btod.o)
    0x08003990   0x08003990   0x0000002a   Code   RO          406    CL$$btod_ediv       c_w.l(btod.o)
    0x080039ba   0x080039ba   0x0000002a   Code   RO          405    CL$$btod_emul       c_w.l(btod.o)
    0x080039e4   0x080039e4   0x00000244   Code   RO          411    CL$$btod_mult_common  c_w.l(btod.o)
    0x08003c28   0x08003c28   0x00000028   Code   RO          448    i.__ARM_fpclassify  m_ws.l(fpclassify.o)
    0x08003c50   0x08003c50   0x0000000e   Code   RO          226    i._is_digit         c_w.l(__printf_wp.o)
    0x08003c5e   0x08003c5e   0x00000002   PAD
    0x08003c60   0x08003c60   0x0000002c   Code   RO          427    locale$$code        c_w.l(lc_numeric_c.o)
    0x08003c8c   0x08003c8c   0x0000002c   Code   RO          463    locale$$code        c_w.l(lc_ctype_c.o)
    0x08003cb8   0x08003cb8   0x00000150   Code   RO          612    x$fpl$dadd          fz_ws.l(daddsub_clz.o)
    0x08003e08   0x08003e08   0x0000009c   Code   RO          632    x$fpl$dnaninf       fz_ws.l(dnaninf.o)
    0x08003ea4   0x08003ea4   0x0000000c   Code   RO          634    x$fpl$dretinf       fz_ws.l(dretinf.o)
    0x08003eb0   0x08003eb0   0x000001dc   Code   RO          614    x$fpl$dsub          fz_ws.l(daddsub_clz.o)
    0x0800408c   0x0800408c   0x00000056   Code   RO          618    x$fpl$f2d           fz_ws.l(f2d.o)
    0x080040e2   0x080040e2   0x00000002   PAD
    0x080040e4   0x080040e4   0x00000026   Code   RO          620    x$fpl$ffltu         fz_ws.l(fflt_clz.o)
    0x0800410a   0x0800410a   0x00000002   PAD
    0x0800410c   0x0800410c   0x00000102   Code   RO          626    x$fpl$fmul          fz_ws.l(fmul.o)
    0x0800420e   0x0800420e   0x0000008c   Code   RO          636    x$fpl$fnaninf       fz_ws.l(fnaninf.o)
    0x0800429a   0x0800429a   0x0000000a   Code   RO          638    x$fpl$fretinf       fz_ws.l(fretinf.o)
    0x080042a4   0x080042a4   0x00000004   Code   RO          310    x$fpl$printf1       fz_ws.l(printf1.o)
    0x080042a8   0x080042a8   0x00000004   Code   RO          312    x$fpl$printf2       fz_ws.l(printf2.o)
    0x080042ac   0x080042ac   0x00000000   Code   RO          447    x$fpl$usenofp       fz_ws.l(usenofp.o)
    0x080042ac   0x080042ac   0x00000008   Data   RO          185    .constdata          c_w.l(_printf_wctomb.o)
    0x080042b4   0x080042b4   0x00000028   Data   RO          214    .constdata          c_w.l(_printf_hex_int_ll_ptr.o)
    0x080042dc   0x080042dc   0x00000011   Data   RO          234    .constdata          c_w.l(__printf_flags_ss_wp.o)
    0x080042ed   0x080042ed   0x00000026   Data   RO          357    .constdata          c_w.l(_printf_fp_hex.o)
    0x08004313   0x08004313   0x00000001   PAD
    0x08004314   0x08004314   0x00000094   Data   RO          400    .constdata          c_w.l(bigflt0.o)
    0x080043a8   0x080043a8   0x00000018   Data   RO          591    .rodata             lto-llvm-28c2f3.o
    0x080043c0   0x080043c0   0x00000020   Data   RO          590    .rodata.cst16       lto-llvm-28c2f3.o
    0x080043e0   0x080043e0   0x000004c4   Data   RO          593    .rodata.str1.1      lto-llvm-28c2f3.o
    0x080048a4   0x080048a4   0x00000020   Data   RO          641    Region$$Table       anon$$obj.o
    0x080048c4   0x080048c4   0x0000001c   Data   RO          426    locale$$data        c_w.l(lc_numeric_c.o)
    0x080048e0   0x080048e0   0x00000110   Data   RO          462    locale$$data        c_w.l(lc_ctype_c.o)
    0x080049f0   0x080049f0   0x00000004   Data   RO          594    .init_array         lto-llvm-28c2f3.o
    0x080049f4   0x080049f0   0x00000000   Data   RO          607    .init_array         c_w.l(init_aeabi.o)


    Execution Region RW_IRAM1 (Exec base: 0x20000000, Load base: 0x080049f8, Size: 0x00000af0, Max: 0x00005000, ABSOLUTE)

    Exec Addr    Load Addr    Size         Type   Attr      Idx    E Section Name        Object

    0x20000000   0x080049f8   0x00000004   Data   RW          592    .data               lto-llvm-28c2f3.o
    0x20000004   0x080049fc   0x00000004   PAD
    0x20000008        -       0x00000060   Zero   RW          323    .bss                c_w.l(libspace.o)
    0x20000068        -       0x00000481   Zero   RW          589    .bss                lto-llvm-28c2f3.o
    0x200004e9   0x080049fc   0x00000007   PAD
    0x200004f0        -       0x00000200   Zero   RW            2    HEAP                startup_stm32f103xb.o
    0x200006f0        -       0x00000400   Zero   RW            1    STACK               startup_stm32f103xb.o


==============================================================================

Image component sizes


      Code (inc. data)   RO Data    RW Data    ZI Data      Debug   Object Name

      7888          0       1280          4       1153     187043   lto-llvm-28c2f3.o
        64         26        236          0       1536        784   startup_stm32f103xb.o

    ----------------------------------------------------------------------
      7992         26       1548          4       2700     187827   Object Totals
         0          0         32          0          0          0   (incl. Generated)
        40          0          0          0         11          0   (incl. Padding)

    ----------------------------------------------------------------------

      Code (inc. data)   RO Data    RW Data    ZI Data      Debug   Library Member Name

         8          0          0          0          0         68   __main.o
       392          4         17          0          0         92   __printf_flags_ss_wp.o
        14          0          0          0          0         68   __printf_wp.o
         0          0          0          0          0          0   __rtentry.o
        12          0          0          0          0          0   __rtentry2.o
         6          0          0          0          0          0   __rtentry4.o
        52          8          0          0          0          0   __scatter.o
        26          0          0          0          0          0   __scatter_copy.o
        28          0          0          0          0          0   __scatter_zi.o
        72          0          0          0          0         96   _c16rtomb.o
         6          0          0          0          0          0   _printf_a.o
         6          0          0          0          0          0   _printf_c.o
        44          0          0          0          0        108   _printf_char.o
        48          6          0          0          0         96   _printf_char_common.o
        40          0          0          0          0         68   _printf_charcount.o
         6          0          0          0          0          0   _printf_d.o
       120         16          0          0          0         92   _printf_dec.o
         6          0          0          0          0          0   _printf_e.o
         6          0          0          0          0          0   _printf_f.o
      1052          0          0          0          0        148   _printf_fp_dec.o
       764          8         38          0          0        100   _printf_fp_hex.o
       128         16          0          0          0         84   _printf_fp_infnan.o
         6          0          0          0          0          0   _printf_g.o
       148          4         40          0          0        160   _printf_hex_int_ll_ptr.o
         6          0          0          0          0          0   _printf_i.o
       178          0          0          0          0         88   _printf_intcommon.o
        10          0          0          0          0          0   _printf_l.o
         6          0          0          0          0          0   _printf_lc.o
        10          0          0          0          0          0   _printf_ll.o
         6          0          0          0          0          0   _printf_lld.o
         6          0          0          0          0          0   _printf_lli.o
         6          0          0          0          0          0   _printf_llo.o
         6          0          0          0          0          0   _printf_llu.o
         6          0          0          0          0          0   _printf_llx.o
       124         16          0          0          0         92   _printf_longlong_dec.o
         6          0          0          0          0          0   _printf_ls.o
         6          0          0          0          0          0   _printf_n.o
         6          0          0          0          0          0   _printf_o.o
       112          8          0          0          0        124   _printf_oct_int_ll.o
         6          0          0          0          0          0   _printf_p.o
        78          0          0          0          0        108   _printf_pad.o
         0          0          0          0          0          0   _printf_percent.o
         4          0          0          0          0          0   _printf_percent_end.o
         6          0          0          0          0          0   _printf_s.o
        82          0          0          0          0         80   _printf_str.o
        36          0          0          0          0         84   _printf_truncate.o
         6          0          0          0          0          0   _printf_u.o
        44          0          0          0          0        108   _printf_wchar.o
       188          6          8          0          0         92   _printf_wctomb.o
         6          0          0          0          0          0   _printf_x.o
        16          0          0          0          0         68   _snputc.o
        10          0          0          0          0         68   _sputc.o
        16          0          0          0          0         68   aeabi_memset4.o
       228          4        148          0          0         96   bigflt0.o
      1936        128          0          0          0        668   btod.o
        18          0          0          0          0         80   exit.o
         6          0          0          0          0        152   heapauxi.o
         0          0          0          0          0          0   indicate_semi.o
        36          8          0          0          0         80   init_aeabi.o
        44         10        272          0          0         76   lc_ctype_c.o
        44         10         28          0          0         76   lc_numeric_c.o
         2          0          0          0          0          0   libinit.o
        34          0          0          0          0          0   libinit2.o
         2          0          0          0          0          0   libshutdown.o
         2          0          0          0          0          0   libshutdown2.o
         8          4          0          0         96         68   libspace.o
       138          0          0          0          0         80   lludiv10.o
        88          0          0          0          0         76   memcmp.o
        16          4          0          0          0         76   rt_ctype_table.o
         8          4          0          0          0         68   rt_locale_intlibspace.o
        78          0          0          0          0         80   rt_memclr_w.o
       138          0          0          0          0         68   rt_memcpy_v6.o
       100          0          0          0          0         80   rt_memcpy_w.o
         2          0          0          0          0          0   rtexit.o
        10          0          0          0          0          0   rtexit2.o
       128          0          0          0          0         68   strcmpv7m.o
        72          0          0          0          0         80   strcpy.o
        12          4          0          0          0         68   sys_exit.o
        74          0          0          0          0         80   sys_stackheap_outer.o
         2          0          0          0          0         68   use_no_semi.o
        52          4          0          0          0         80   vsnprintf.o
       812         16          0          0          0        296   daddsub_clz.o
       156          4          0          0          0         92   dnaninf.o
        12          0          0          0          0         68   dretinf.o
        86          4          0          0          0         84   f2d.o
        38          0          0          0          0         68   fflt_clz.o
       258          4          0          0          0         84   fmul.o
       140          4          0          0          0         84   fnaninf.o
        10          0          0          0          0         68   fretinf.o
         4          0          0          0          0         68   printf1.o
         4          0          0          0          0         68   printf2.o
         0          0          0          0          0          0   usenofp.o
        40          0          0          0          0         68   fpclassify.o

    ----------------------------------------------------------------------
      8840        304        552          0         96       5476   Library Totals
        20          0          1          0          0          0   (incl. Padding)

    ----------------------------------------------------------------------

      Code (inc. data)   RO Data    RW Data    ZI Data      Debug   Library Name

      7260        272        551          0         96       4428   c_w.l
      1520         32          0          0          0        980   fz_ws.l
        40          0          0          0          0         68   m_ws.l

    ----------------------------------------------------------------------
      8840        304        552          0         96       5476   Library Totals

    ----------------------------------------------------------------------

==============================================================================


      Code (inc. data)   RO Data    RW Data    ZI Data      Debug   

     16832        330       2100          4       2796     190283   Grand Totals
     16832        330       2100          4       2796     190283   ELF Image Totals
     16832        330       2100          4          0          0   ROM Totals

==============================================================================

    Total RO  Size (Code + RO Data)                18932 (  18.49kB)
    Total RW  Size (RW Data + ZI Data)              2800 (   2.73kB)
    Total ROM Size (Code + RO Data + RW Data)      18936 (  18.49kB)

==============================================================================

